Archive member included to satisfy reference by file (symbol)

e:/program files (x86)/embitz/1.11/share/em_armgcc/bin/../lib/gcc/arm-none-eabi/5.4.1/../../../../arm-none-eabi/lib/armv7-m\libg_n.a(lib_a-exit.o)
                              e:/program files (x86)/embitz/1.11/share/em_armgcc/bin/../lib/gcc/arm-none-eabi/5.4.1/../../../../arm-none-eabi/lib/armv7-m/crt0.o (exit)
e:/program files (x86)/embitz/1.11/share/em_armgcc/bin/../lib/gcc/arm-none-eabi/5.4.1/../../../../arm-none-eabi/lib/armv7-m\libg_n.a(lib_a-impure.o)
                              e:/program files (x86)/embitz/1.11/share/em_armgcc/bin/../lib/gcc/arm-none-eabi/5.4.1/../../../../arm-none-eabi/lib/armv7-m\libg_n.a(lib_a-exit.o) (_global_impure_ptr)
e:/program files (x86)/embitz/1.11/share/em_armgcc/bin/../lib/gcc/arm-none-eabi/5.4.1/../../../../arm-none-eabi/lib/armv7-m\libg_n.a(lib_a-init.o)
                              e:/program files (x86)/embitz/1.11/share/em_armgcc/bin/../lib/gcc/arm-none-eabi/5.4.1/../../../../arm-none-eabi/lib/armv7-m/crt0.o (__libc_init_array)
e:/program files (x86)/embitz/1.11/share/em_armgcc/bin/../lib/gcc/arm-none-eabi/5.4.1/../../../../arm-none-eabi/lib/armv7-m\libg_n.a(lib_a-memcpy-stub.o)
                              obj\debug\freertos_core\queue.o (memcpy)
e:/program files (x86)/embitz/1.11/share/em_armgcc/bin/../lib/gcc/arm-none-eabi/5.4.1/../../../../arm-none-eabi/lib/armv7-m\libg_n.a(lib_a-memset.o)
                              e:/program files (x86)/embitz/1.11/share/em_armgcc/bin/../lib/gcc/arm-none-eabi/5.4.1/../../../../arm-none-eabi/lib/armv7-m/crt0.o (memset)
e:/program files (x86)/embitz/1.11/share/em_armgcc/bin/../lib/gcc/arm-none-eabi/5.4.1/../../../../arm-none-eabi/lib/armv7-m\libnosys_s.a(_exit.o)
                              e:/program files (x86)/embitz/1.11/share/em_armgcc/bin/../lib/gcc/arm-none-eabi/5.4.1/../../../../arm-none-eabi/lib/armv7-m\libg_n.a(lib_a-exit.o) (_exit)

Allocating common symbols
Common symbol       size              file

StartTask_Handler   0x4               obj\debug\src\main.o
LED0Task_Handler    0x4               obj\debug\src\main.o

Discarded input sections

 .text          0x00000000        0x0 e:/program files (x86)/embitz/1.11/share/em_armgcc/bin/../lib/gcc/arm-none-eabi/5.4.1/armv7-m/crti.o
 .data          0x00000000        0x0 e:/program files (x86)/embitz/1.11/share/em_armgcc/bin/../lib/gcc/arm-none-eabi/5.4.1/armv7-m/crti.o
 .bss           0x00000000        0x0 e:/program files (x86)/embitz/1.11/share/em_armgcc/bin/../lib/gcc/arm-none-eabi/5.4.1/armv7-m/crti.o
 .data          0x00000000        0x4 e:/program files (x86)/embitz/1.11/share/em_armgcc/bin/../lib/gcc/arm-none-eabi/5.4.1/armv7-m/crtbegin.o
 .data          0x00000000        0x0 e:/program files (x86)/embitz/1.11/share/em_armgcc/bin/../lib/gcc/arm-none-eabi/5.4.1/../../../../arm-none-eabi/lib/armv7-m/crt0.o
 .bss           0x00000000        0x0 e:/program files (x86)/embitz/1.11/share/em_armgcc/bin/../lib/gcc/arm-none-eabi/5.4.1/../../../../arm-none-eabi/lib/armv7-m/crt0.o
 .ARM.extab     0x00000000        0x0 e:/program files (x86)/embitz/1.11/share/em_armgcc/bin/../lib/gcc/arm-none-eabi/5.4.1/../../../../arm-none-eabi/lib/armv7-m/crt0.o
 .group         0x00000000        0x8 obj\debug\freertos_core\croutine.o
 .group         0x00000000        0x8 obj\debug\freertos_core\croutine.o
 .group         0x00000000        0x8 obj\debug\freertos_core\croutine.o
 .group         0x00000000        0x8 obj\debug\freertos_core\croutine.o
 .group         0x00000000        0x8 obj\debug\freertos_core\croutine.o
 .group         0x00000000        0x8 obj\debug\freertos_core\croutine.o
 .group         0x00000000        0x8 obj\debug\freertos_core\croutine.o
 .group         0x00000000        0x8 obj\debug\freertos_core\croutine.o
 .group         0x00000000        0x8 obj\debug\freertos_core\croutine.o
 .group         0x00000000        0x8 obj\debug\freertos_core\croutine.o
 .group         0x00000000        0x8 obj\debug\freertos_core\croutine.o
 .group         0x00000000        0x8 obj\debug\freertos_core\croutine.o
 .group         0x00000000        0x8 obj\debug\freertos_core\croutine.o
 .group         0x00000000        0x8 obj\debug\freertos_core\croutine.o
 .group         0x00000000        0x8 obj\debug\freertos_core\croutine.o
 .group         0x00000000        0x8 obj\debug\freertos_core\croutine.o
 .group         0x00000000        0x8 obj\debug\freertos_core\croutine.o
 .text          0x00000000        0x0 obj\debug\freertos_core\croutine.o
 .data          0x00000000        0x0 obj\debug\freertos_core\croutine.o
 .bss           0x00000000        0x0 obj\debug\freertos_core\croutine.o
 .debug_info    0x00000000       0x7d obj\debug\freertos_core\croutine.o
 .debug_abbrev  0x00000000       0x29 obj\debug\freertos_core\croutine.o
 .debug_aranges
                0x00000000       0x18 obj\debug\freertos_core\croutine.o
[...]
Memory Configuration

Name             Origin             Length             Attributes
ROM              0x08000000         0x00010000         xr
RAM              0x20000000         0x00005000         xrw
*default*        0x00000000         0xffffffff

Linker script and memory map

LOAD e:/program files (x86)/embitz/1.11/share/em_armgcc/bin/../lib/gcc/arm-none-eabi/5.4.1/armv7-m/crti.o
LOAD e:/program files (x86)/embitz/1.11/share/em_armgcc/bin/../lib/gcc/arm-none-eabi/5.4.1/armv7-m/crtbegin.o
LOAD e:/program files (x86)/embitz/1.11/share/em_armgcc/bin/../lib/gcc/arm-none-eabi/5.4.1/../../../../arm-none-eabi/lib/armv7-m/crt0.o
                0x00000000                __HEAP_SIZE = 0x0
                0x00000100                __STACK_SIZE = 0x100

.text           0x08000000     0x1e94
 *(.isr_vector)
 .isr_vector    0x08000000       0xec obj\debug\src\startup_stm32f10x_md.o
                0x08000000                __isr_vector
 *(.text*)
 .text          0x080000ec       0x5c e:/program files (x86)/embitz/1.11/share/em_armgcc/bin/../lib/gcc/arm-none-eabi/5.4.1/armv7-m/crtbegin.o
 .text          0x08000148       0x74 e:/program files (x86)/embitz/1.11/share/em_armgcc/bin/../lib/gcc/arm-none-eabi/5.4.1/../../../../arm-none-eabi/lib/armv7-m/crt0.o
                0x08000148                _start
                0x08000148                _mainCRTStartup
 .text.vListInitialise
                0x080001bc       0x40 obj\debug\freertos_core\list.o
                0x080001bc                vListInitialise
 .text.vListInitialiseItem
                0x080001fc       0x18 obj\debug\freertos_core\list.o
                0x080001fc                vListInitialiseItem
 .text.vListInsertEnd
                0x08000214       0x48 obj\debug\freertos_core\list.o
                0x08000214                vListInsertEnd
 .text.vListInsert
                0x0800025c       0x70 obj\debug\freertos_core\list.o
                0x0800025c                vListInsert
 .text.uxListRemove
                0x080002cc       0x54 obj\debug\freertos_core\list.o
                0x080002cc                uxListRemove
 .text.pxPortInitialiseStack
                0x08000320       0x58 obj\debug\freertos_core\portable\arm_cm3\port.o
                0x08000320                pxPortInitialiseStack
 .text.prvTaskExitError
                0x08000378       0x50 obj\debug\freertos_core\portable\arm_cm3\port.o
 *fill*         0x080003c8        0x8 
 .text.SVC_Handler
                0x080003d0       0x28 obj\debug\freertos_core\portable\arm_cm3\port.o
                0x080003d0                SVC_Handler
 .text.prvPortStartFirstTask
                0x080003f8       0x20 obj\debug\freertos_core\portable\arm_cm3\port.o
 .text.xPortStartScheduler
                0x08000418       0xe0 obj\debug\freertos_core\portable\arm_cm3\port.o
                0x08000418                xPortStartScheduler
 .text.vPortEnterCritical
                0x080004f8       0x5c obj\debug\freertos_core\portable\arm_cm3\port.o
                0x080004f8                vPortEnterCritical
 .text.vPortExitCritical
                0x08000554       0x4c obj\debug\freertos_core\portable\arm_cm3\port.o
                0x08000554                vPortExitCritical
 .text.PendSV_Handler
                0x080005a0       0x48 obj\debug\freertos_core\portable\arm_cm3\port.o
                0x080005a0                PendSV_Handler
 .text.SysTick_Handler
                0x080005e8       0x40 obj\debug\freertos_core\portable\arm_cm3\port.o
                0x080005e8                SysTick_Handler
 .text.vPortSetupTimerInterrupt
                0x08000628       0x34 obj\debug\freertos_core\portable\arm_cm3\port.o
                0x08000628                vPortSetupTimerInterrupt
 .text.pvPortMalloc
                0x0800065c      0x184 obj\debug\freertos_core\portable\memmang\heap_4.o
                0x0800065c                pvPortMalloc
 .text.vPortFree
                0x080007e0       0xb0 obj\debug\freertos_core\portable\memmang\heap_4.o
                0x080007e0                vPortFree
 .text.prvHeapInit
                0x08000890       0xc4 obj\debug\freertos_core\portable\memmang\heap_4.o
 .text.prvInsertBlockIntoFreeList
                0x08000954       0xb0 obj\debug\freertos_core\portable\memmang\heap_4.o
 .text.xTaskCreate
                0x08000a04       0x84 obj\debug\freertos_core\tasks.o
                0x08000a04                xTaskCreate
 .text.prvInitialiseNewTask
                0x08000a88       0xf0 obj\debug\freertos_core\tasks.o
 .text.prvAddNewTaskToReadyList
                0x08000b78       0xd4 obj\debug\freertos_core\tasks.o
 .text.vTaskDelete
                0x08000c4c      0x11c obj\debug\freertos_core\tasks.o
                0x08000c4c                vTaskDelete
 .text.vTaskDelay
                0x08000d68       0x68 obj\debug\freertos_core\tasks.o
                0x08000d68                vTaskDelay
 .text.vTaskStartScheduler
                0x08000dd0       0x8c obj\debug\freertos_core\tasks.o
                0x08000dd0                vTaskStartScheduler
 .text.vTaskSuspendAll
                0x08000e5c       0x1c obj\debug\freertos_core\tasks.o
                0x08000e5c                vTaskSuspendAll
 .text.xTaskResumeAll
                0x08000e78      0x138 obj\debug\freertos_core\tasks.o
                0x08000e78                xTaskResumeAll
 .text.xTaskIncrementTick
                0x08000fb0      0x178 obj\debug\freertos_core\tasks.o
                0x08000fb0                xTaskIncrementTick
 .text.vTaskSwitchContext
                0x08001128       0xb4 obj\debug\freertos_core\tasks.o
                0x08001128                vTaskSwitchContext
 .text.prvIdleTask
                0x080011dc       0x30 obj\debug\freertos_core\tasks.o
 .text.prvInitialiseTaskLists
                0x0800120c       0x80 obj\debug\freertos_core\tasks.o
 .text.prvCheckTasksWaitingTermination
                0x0800128c       0x58 obj\debug\freertos_core\tasks.o
 .text.prvDeleteTCB
                0x080012e4       0x20 obj\debug\freertos_core\tasks.o
 .text.prvResetNextTaskUnblockTime
                0x08001304       0x48 obj\debug\freertos_core\tasks.o
 .text.prvAddCurrentTaskToDelayedList
                0x0800134c       0xcc obj\debug\freertos_core\tasks.o
 .text.NVIC_PriorityGroupConfig
                0x08001418       0x24 obj\debug\spl\src\misc.o
                0x08001418                NVIC_PriorityGroupConfig
 .text.GPIO_Init
                0x0800143c      0x178 obj\debug\spl\src\stm32f10x_gpio.o
                0x0800143c                GPIO_Init
 .text.GPIO_SetBits
                0x080015b4       0x1c obj\debug\spl\src\stm32f10x_gpio.o
                0x080015b4                GPIO_SetBits
 .text.GPIO_ResetBits
                0x080015d0       0x1c obj\debug\spl\src\stm32f10x_gpio.o
                0x080015d0                GPIO_ResetBits
 .text.RCC_APB2PeriphClockCmd
                0x080015ec       0x3c obj\debug\spl\src\stm32f10x_rcc.o
                0x080015ec                RCC_APB2PeriphClockCmd
 .text.RCC_APB1PeriphClockCmd
                0x08001628       0x3c obj\debug\spl\src\stm32f10x_rcc.o
                0x08001628                RCC_APB1PeriphClockCmd
 .text.TIM_TimeBaseInit
                0x08001664       0xf8 obj\debug\spl\src\stm32f10x_tim.o
                0x08001664                TIM_TimeBaseInit
 .text.TIM_OC4Init
                0x0800175c       0xd0 obj\debug\spl\src\stm32f10x_tim.o
                0x0800175c                TIM_OC4Init
 .text.TIM_Cmd  0x0800182c       0x40 obj\debug\spl\src\stm32f10x_tim.o
                0x0800182c                TIM_Cmd
 .text.TIM_CtrlPWMOutputs
                0x0800186c       0x4c obj\debug\spl\src\stm32f10x_tim.o
                0x0800186c                TIM_CtrlPWMOutputs
 .text.TIM_ARRPreloadConfig
                0x080018b8       0x40 obj\debug\spl\src\stm32f10x_tim.o
                0x080018b8                TIM_ARRPreloadConfig
 .text.TIM_OC4PreloadConfig
                0x080018f8       0x3c obj\debug\spl\src\stm32f10x_tim.o
                0x080018f8                TIM_OC4PreloadConfig
 .text.main     0x08001934       0x88 obj\debug\src\main.o
                0x08001934                main
 .text.start_task
                0x080019bc       0x48 obj\debug\src\main.o
                0x080019bc                start_task
 .text.led0_task
                0x08001a04       0x58 obj\debug\src\main.o
                0x08001a04                led0_task
 .text.led_gpio_init
                0x08001a5c       0x34 obj\debug\src\main.o
                0x08001a5c                led_gpio_init
 .text.rcc_init
                0x08001a90       0x34 obj\debug\src\pwm_output.o
                0x08001a90                rcc_init
 .text.pwm_gpio_init
                0x08001ac4       0x40 obj\debug\src\pwm_output.o
                0x08001ac4                pwm_gpio_init
 .text.TIMx_PWM_Config
                0x08001b04       0x9c obj\debug\src\pwm_output.o
                0x08001b04                TIMx_PWM_Config
 .text          0x08001ba0       0xb8 obj\debug\src\startup_stm32f10x_md.o
                0x08001ba0                Reset_Handler
                0x08001be6                NMI_Handler
                0x08001be8                HardFault_Handler
                0x08001bea                MemManage_Handler
                0x08001bec                BusFault_Handler
                0x08001bee                UsageFault_Handler
                0x08001bf2                DebugMon_Handler
                0x08001bf8                Default_Handler
                0x08001bfa                WWDG_IRQHandler
                0x08001bfc                PVD_IRQHandler
                0x08001bfe                TAMPER_IRQHandler
                0x08001c00                RTC_IRQHandler
                0x08001c02                FLASH_IRQHandler
                0x08001c04                RCC_IRQHandler
                0x08001c06                EXTI0_IRQHandler
                0x08001c08                EXTI1_IRQHandler
                0x08001c0a                EXTI2_IRQHandler
                0x08001c0c                EXTI3_IRQHandler
                0x08001c0e                EXTI4_IRQHandler
                0x08001c10                DMA1_Channel1_IRQHandler
                0x08001c12                DMA1_Channel2_IRQHandler
                0x08001c14                DMA1_Channel3_IRQHandler
                0x08001c16                DMA1_Channel4_IRQHandler
                0x08001c18                DMA1_Channel5_IRQHandler
                0x08001c1a                DMA1_Channel6_IRQHandler
                0x08001c1c                DMA1_Channel7_IRQHandler
                0x08001c1e                ADC1_2_IRQHandler
                0x08001c20                USB_HP_CAN1_TX_IRQHandler
                0x08001c22                USB_LP_CAN1_RX0_IRQHandler
                0x08001c24                CAN1_RX1_IRQHandler
                0x08001c26                CAN1_SCE_IRQHandler
                0x08001c28                EXTI9_5_IRQHandler
                0x08001c2a                TIM1_BRK_IRQHandler
                0x08001c2c                TIM1_UP_IRQHandler
                0x08001c2e                TIM1_TRG_COM_IRQHandler
                0x08001c30                TIM1_CC_IRQHandler
                0x08001c32                TIM2_IRQHandler
                0x08001c34                TIM3_IRQHandler
                0x08001c36                TIM4_IRQHandler
                0x08001c38                I2C1_EV_IRQHandler
                0x08001c3a                I2C1_ER_IRQHandler
                0x08001c3c                I2C2_EV_IRQHandler
                0x08001c3e                I2C2_ER_IRQHandler
                0x08001c40                SPI1_IRQHandler
                0x08001c42                SPI2_IRQHandler
                0x08001c44                USART1_IRQHandler
                0x08001c46                USART2_IRQHandler
                0x08001c48                USART3_IRQHandler
                0x08001c4a                EXTI15_10_IRQHandler
                0x08001c4c                RTCAlarm_IRQHandler
                0x08001c4e                USBWakeUp_IRQHandler
 .text.SystemInit
                0x08001c58       0x68 obj\debug\src\system_stm32f10x.o
                0x08001c58                SystemInit
 .text.SetSysClock
                0x08001cc0        0xc obj\debug\src\system_stm32f10x.o
 .text.SetSysClockTo72
                0x08001ccc      0x100 obj\debug\src\system_stm32f10x.o
 .text.exit     0x08001dcc       0x28 e:/program files (x86)/embitz/1.11/share/em_armgcc/bin/../lib/gcc/arm-none-eabi/5.4.1/../../../../arm-none-eabi/lib/armv7-m\libg_n.a(lib_a-exit.o)
                0x08001dcc                exit
 .text.__libc_init_array
                0x08001df4       0x4c e:/program files (x86)/embitz/1.11/share/em_armgcc/bin/../lib/gcc/arm-none-eabi/5.4.1/../../../../arm-none-eabi/lib/armv7-m\libg_n.a(lib_a-init.o)
                0x08001df4                __libc_init_array
 .text.memset   0x08001e40       0x10 e:/program files (x86)/embitz/1.11/share/em_armgcc/bin/../lib/gcc/arm-none-eabi/5.4.1/../../../../arm-none-eabi/lib/armv7-m\libg_n.a(lib_a-memset.o)
                0x08001e40                memset
 .text._exit    0x08001e50        0x2 e:/program files (x86)/embitz/1.11/share/em_armgcc/bin/../lib/gcc/arm-none-eabi/5.4.1/../../../../arm-none-eabi/lib/armv7-m\libnosys_s.a(_exit.o)
                0x08001e50                _exit
 *(.init)
 *fill*         0x08001e52        0x2 
 .init          0x08001e54        0x4 e:/program files (x86)/embitz/1.11/share/em_armgcc/bin/../lib/gcc/arm-none-eabi/5.4.1/armv7-m/crti.o
                0x08001e54                _init
 .init          0x08001e58        0x8 e:/program files (x86)/embitz/1.11/share/em_armgcc/bin/../lib/gcc/arm-none-eabi/5.4.1/armv7-m/crtn.o
 *(.fini)
 .fini          0x08001e60        0x4 e:/program files (x86)/embitz/1.11/share/em_armgcc/bin/../lib/gcc/arm-none-eabi/5.4.1/armv7-m/crti.o
                0x08001e60                _fini
 .fini          0x08001e64        0x8 e:/program files (x86)/embitz/1.11/share/em_armgcc/bin/../lib/gcc/arm-none-eabi/5.4.1/armv7-m/crtn.o
 *crtbegin.o(.ctors)
 *crtbegin?.o(.ctors)
 *(EXCLUDE_FILE(*crtend.o *crtend?.o) .ctors)
 *(SORT(.ctors.*))
 *(.ctors)
 *crtbegin.o(.dtors)
 *crtbegin?.o(.dtors)
 *(EXCLUDE_FILE(*crtend.o *crtend?.o) .dtors)
 *(SORT(.dtors.*))
 *(.dtors)
 *(.rodata*)
 .rodata        0x08001e6c        0x5 obj\debug\freertos_core\tasks.o
 *fill*         0x08001e71        0x3 
 .rodata        0x08001e74       0x16 obj\debug\src\main.o
 .rodata.str1.1
                0x08001e8a        0x2 e:/program files (x86)/embitz/1.11/share/em_armgcc/bin/../lib/gcc/arm-none-eabi/5.4.1/../../../../arm-none-eabi/lib/armv7-m\libg_n.a(lib_a-impure.o)
 .rodata._global_impure_ptr
                0x08001e8c        0x4 e:/program files (x86)/embitz/1.11/share/em_armgcc/bin/../lib/gcc/arm-none-eabi/5.4.1/../../../../arm-none-eabi/lib/armv7-m\libg_n.a(lib_a-impure.o)
                0x08001e8c                _global_impure_ptr
 *(.eh_frame*)
 .eh_frame      0x08001e90        0x0 e:/program files (x86)/embitz/1.11/share/em_armgcc/bin/../lib/gcc/arm-none-eabi/5.4.1/armv7-m/crtbegin.o
 .eh_frame      0x08001e90        0x4 e:/program files (x86)/embitz/1.11/share/em_armgcc/bin/../lib/gcc/arm-none-eabi/5.4.1/armv7-m/crtend.o

.glue_7         0x08001e94        0x0
 .glue_7        0x08001e94        0x0 linker stubs

.glue_7t        0x08001e94        0x0
 .glue_7t       0x08001e94        0x0 linker stubs

.vfp11_veneer   0x08001e94        0x0
 .vfp11_veneer  0x08001e94        0x0 linker stubs

.v4_bx          0x08001e94        0x0
 .v4_bx         0x08001e94        0x0 linker stubs

.iplt           0x08001e94        0x0
 .iplt          0x08001e94        0x0 e:/program files (x86)/embitz/1.11/share/em_armgcc/bin/../lib/gcc/arm-none-eabi/5.4.1/armv7-m/crtbegin.o

.ARM.extab
 *(.ARM.extab* .gnu.linkonce.armextab.*)
                0x08001e94                __exidx_start = .

.ARM.exidx      0x08001e94        0x8
 *(.ARM.exidx* .gnu.linkonce.armexidx.*)
 .ARM.exidx     0x08001e94        0x8 e:/program files (x86)/embitz/1.11/share/em_armgcc/bin/../lib/gcc/arm-none-eabi/5.4.1/../../../../arm-none-eabi/lib/armv7-m/crt0.o
                0x08001e9c                __exidx_end = .
                0x08001e9c                __etext = .

.rel.dyn        0x08001e9c        0x0
 .rel.iplt      0x08001e9c        0x0 e:/program files (x86)/embitz/1.11/share/em_armgcc/bin/../lib/gcc/arm-none-eabi/5.4.1/armv7-m/crtbegin.o

.data           0x20000000       0x70 load address 0x08001e9c
                0x20000000                __data_start__ = .
 *(vtable)
 *(.data*)
 .data.uxCriticalNesting
                0x20000000        0x4 obj\debug\freertos_core\portable\arm_cm3\port.o
 .data.SystemCoreClock
                0x20000004        0x4 obj\debug\src\system_stm32f10x.o
                0x20000004                SystemCoreClock
 .data.impure_data
                0x20000008       0x60 e:/program files (x86)/embitz/1.11/share/em_armgcc/bin/../lib/gcc/arm-none-eabi/5.4.1/../../../../arm-none-eabi/lib/armv7-m\libg_n.a(lib_a-impure.o)
                0x20000068                . = ALIGN (0x4)
                0x20000068                PROVIDE (__preinit_array_start, .)
 *(.preinit_array)
                0x20000068                PROVIDE (__preinit_array_end, .)
                0x20000068                . = ALIGN (0x4)
                0x20000068                PROVIDE (__init_array_start, .)
 *(SORT(.init_array.*))
 *(.init_array)
 .init_array    0x20000068        0x4 e:/program files (x86)/embitz/1.11/share/em_armgcc/bin/../lib/gcc/arm-none-eabi/5.4.1/armv7-m/crtbegin.o
                0x2000006c                PROVIDE (__init_array_end, .)
                0x2000006c                . = ALIGN (0x4)
                [!provide]                PROVIDE (__fini_array_start, .)
 *(SORT(.fini_array.*))
 *(.fini_array)
 .fini_array    0x2000006c        0x4 e:/program files (x86)/embitz/1.11/share/em_armgcc/bin/../lib/gcc/arm-none-eabi/5.4.1/armv7-m/crtbegin.o
                [!provide]                PROVIDE (__fini_array_end, .)
                0x20000070                . = ALIGN (0x4)
                0x20000070                __data_end__ = .

.jcr            0x20000070        0x0 load address 0x08001f0c
 .jcr           0x20000070        0x0 e:/program files (x86)/embitz/1.11/share/em_armgcc/bin/../lib/gcc/arm-none-eabi/5.4.1/armv7-m/crtbegin.o

.igot.plt       0x20000070        0x0 load address 0x08001f0c
 .igot.plt      0x20000070        0x0 e:/program files (x86)/embitz/1.11/share/em_armgcc/bin/../lib/gcc/arm-none-eabi/5.4.1/armv7-m/crtbegin.o

.bss            0x20000070     0x454c load address 0x08001f0c
                0x20000070                __bss_start__ = .
 *(.bss*)
 .bss           0x20000070       0x1c e:/program files (x86)/embitz/1.11/share/em_armgcc/bin/../lib/gcc/arm-none-eabi/5.4.1/armv7-m/crtbegin.o
 .bss.ucMaxSysCallPriority
                0x2000008c        0x1 obj\debug\freertos_core\portable\arm_cm3\port.o
 *fill*         0x2000008d        0x3 
 .bss.ulMaxPRIGROUPValue
                0x20000090        0x4 obj\debug\freertos_core\portable\arm_cm3\port.o
 .bss.ucHeap    0x20000094     0x4400 obj\debug\freertos_core\portable\memmang\heap_4.o
 .bss.xStart    0x20004494        0x8 obj\debug\freertos_core\portable\memmang\heap_4.o
 .bss.pxEnd     0x2000449c        0x4 obj\debug\freertos_core\portable\memmang\heap_4.o
 .bss.xFreeBytesRemaining
                0x200044a0        0x4 obj\debug\freertos_core\portable\memmang\heap_4.o
 .bss.xMinimumEverFreeBytesRemaining
                0x200044a4        0x4 obj\debug\freertos_core\portable\memmang\heap_4.o
 .bss.xBlockAllocatedBit
                0x200044a8        0x4 obj\debug\freertos_core\portable\memmang\heap_4.o
 .bss.pxCurrentTCB
                0x200044ac        0x4 obj\debug\freertos_core\tasks.o
                0x200044ac                pxCurrentTCB
 .bss.pxReadyTasksLists
                0x200044b0       0x64 obj\debug\freertos_core\tasks.o
 .bss.xDelayedTaskList1
                0x20004514       0x14 obj\debug\freertos_core\tasks.o
 .bss.xDelayedTaskList2
                0x20004528       0x14 obj\debug\freertos_core\tasks.o
 .bss.pxDelayedTaskList
                0x2000453c        0x4 obj\debug\freertos_core\tasks.o
 .bss.pxOverflowDelayedTaskList
                0x20004540        0x4 obj\debug\freertos_core\tasks.o
 .bss.xPendingReadyList
                0x20004544       0x14 obj\debug\freertos_core\tasks.o
 .bss.xTasksWaitingTermination
                0x20004558       0x14 obj\debug\freertos_core\tasks.o
 .bss.uxDeletedTasksWaitingCleanUp
                0x2000456c        0x4 obj\debug\freertos_core\tasks.o
 .bss.xSuspendedTaskList
                0x20004570       0x14 obj\debug\freertos_core\tasks.o
 .bss.uxCurrentNumberOfTasks
                0x20004584        0x4 obj\debug\freertos_core\tasks.o
 .bss.xTickCount
                0x20004588        0x4 obj\debug\freertos_core\tasks.o
 .bss.uxTopReadyPriority
                0x2000458c        0x4 obj\debug\freertos_core\tasks.o
 .bss.xSchedulerRunning
                0x20004590        0x4 obj\debug\freertos_core\tasks.o
 .bss.uxPendedTicks
                0x20004594        0x4 obj\debug\freertos_core\tasks.o
 .bss.xYieldPending
                0x20004598        0x4 obj\debug\freertos_core\tasks.o
 .bss.xNumOfOverflows
                0x2000459c        0x4 obj\debug\freertos_core\tasks.o
 .bss.uxTaskNumber
                0x200045a0        0x4 obj\debug\freertos_core\tasks.o
 .bss.xNextTaskUnblockTime
                0x200045a4        0x4 obj\debug\freertos_core\tasks.o
 .bss.xIdleTaskHandle
                0x200045a8        0x4 obj\debug\freertos_core\tasks.o
 .bss.uxSchedulerSuspended
                0x200045ac        0x4 obj\debug\freertos_core\tasks.o
 .bss.flag      0x200045b0        0x4 obj\debug\src\main.o
                0x200045b0                flag
 *(COMMON)
 COMMON         0x200045b4        0x8 obj\debug\src\main.o
                0x200045b4                StartTask_Handler
                0x200045b8                LED0Task_Handler
                0x200045bc                __bss_end__ = .

.heap           0x200045c0        0x0
                0x200045c0                __end__ = .
                0x200045c0                end = __end__
 *(.heap*)
 .heap          0x200045c0        0x0 obj\debug\src\startup_stm32f10x_md.o
                0x200045c0                __HeapLimit = .

.stack_dummy    0x200045c0      0x100
 *(.stack)
 .stack         0x200045c0      0x100 obj\debug\src\startup_stm32f10x_md.o
                0x20005000                __StackTop = (ORIGIN (RAM) + LENGTH (RAM))
                0x20004f00                __StackLimit = (__StackTop - SIZEOF (.stack_dummy))
                0x20005000                PROVIDE (__stack, __StackTop)
                0x00000001                ASSERT ((__StackLimit >= __HeapLimit), region RAM overflowed with stack)
LOAD obj\debug\freertos_core\croutine.o
LOAD obj\debug\freertos_core\event_groups.o
LOAD obj\debug\freertos_core\list.o
LOAD obj\debug\freertos_core\portable\arm_cm3\port.o
LOAD obj\debug\freertos_core\portable\memmang\heap_4.o
LOAD obj\debug\freertos_core\queue.o
LOAD obj\debug\freertos_core\stream_buffer.o
LOAD obj\debug\freertos_core\tasks.o
LOAD obj\debug\freertos_core\timers.o
LOAD obj\debug\spl\src\misc.o
LOAD obj\debug\spl\src\stm32f10x_adc.o
LOAD obj\debug\spl\src\stm32f10x_bkp.o
LOAD obj\debug\spl\src\stm32f10x_can.o
LOAD obj\debug\spl\src\stm32f10x_cec.o
LOAD obj\debug\spl\src\stm32f10x_crc.o
LOAD obj\debug\spl\src\stm32f10x_dac.o
LOAD obj\debug\spl\src\stm32f10x_dbgmcu.o
LOAD obj\debug\spl\src\stm32f10x_dma.o
LOAD obj\debug\spl\src\stm32f10x_exti.o
LOAD obj\debug\spl\src\stm32f10x_flash.o
LOAD obj\debug\spl\src\stm32f10x_fsmc.o
LOAD obj\debug\spl\src\stm32f10x_gpio.o
LOAD obj\debug\spl\src\stm32f10x_i2c.o
LOAD obj\debug\spl\src\stm32f10x_iwdg.o
LOAD obj\debug\spl\src\stm32f10x_pwr.o
LOAD obj\debug\spl\src\stm32f10x_rcc.o
LOAD obj\debug\spl\src\stm32f10x_rtc.o
LOAD obj\debug\spl\src\stm32f10x_sdio.o
LOAD obj\debug\spl\src\stm32f10x_spi.o
LOAD obj\debug\spl\src\stm32f10x_tim.o
LOAD obj\debug\spl\src\stm32f10x_usart.o
LOAD obj\debug\spl\src\stm32f10x_wwdg.o
LOAD obj\debug\src\main.o
LOAD obj\debug\src\pwm_output.o
LOAD obj\debug\src\startup_stm32f10x_md.o
LOAD obj\debug\src\system_stm32f10x.o
START GROUP
LOAD e:/program files (x86)/embitz/1.11/share/em_armgcc/bin/../lib/gcc/arm-none-eabi/5.4.1/armv7-m\libgcc.a
LOAD e:/program files (x86)/embitz/1.11/share/em_armgcc/bin/../lib/gcc/arm-none-eabi/5.4.1/../../../../arm-none-eabi/lib/armv7-m\libg_n.a
LOAD e:/program files (x86)/embitz/1.11/share/em_armgcc/bin/../lib/gcc/arm-none-eabi/5.4.1/../../../../arm-none-eabi/lib/armv7-m\libc_n.a
END GROUP
START GROUP
LOAD e:/program files (x86)/embitz/1.11/share/em_armgcc/bin/../lib/gcc/arm-none-eabi/5.4.1/armv7-m\libgcc.a
LOAD e:/program files (x86)/embitz/1.11/share/em_armgcc/bin/../lib/gcc/arm-none-eabi/5.4.1/../../../../arm-none-eabi/lib/armv7-m\libc_n.a
LOAD e:/program files (x86)/embitz/1.11/share/em_armgcc/bin/../lib/gcc/arm-none-eabi/5.4.1/../../../../arm-none-eabi/lib/armv7-m\libnosys_s.a
END GROUP
LOAD e:/program files (x86)/embitz/1.11/share/em_armgcc/bin/../lib/gcc/arm-none-eabi/5.4.1/armv7-m/crtend.o
LOAD e:/program files (x86)/embitz/1.11/share/em_armgcc/bin/../lib/gcc/arm-none-eabi/5.4.1/armv7-m/crtn.o
OUTPUT(bin\Debug\stm32_freertos_gcc.elf elf32-littlearm)

.ARM.attributes
                0x00000000       0x29
 .ARM.attributes
                0x00000000       0x1d e:/program files (x86)/embitz/1.11/share/em_armgcc/bin/../lib/gcc/arm-none-eabi/5.4.1/armv7-m/crti.o
 .ARM.attributes
                0x0000001d       0x2d e:/program files (x86)/embitz/1.11/share/em_armgcc/bin/../lib/gcc/arm-none-eabi/5.4.1/armv7-m/crtbegin.o
 .ARM.attributes
                0x0000004a       0x1b e:/program files (x86)/embitz/1.11/share/em_armgcc/bin/../lib/gcc/arm-none-eabi/5.4.1/../../../../arm-none-eabi/lib/armv7-m/crt0.o
 .ARM.attributes
                0x00000065       0x33 obj\debug\freertos_core\list.o
 .ARM.attributes
                0x00000098       0x33 obj\debug\freertos_core\portable\arm_cm3\port.o
 .ARM.attributes
                0x000000cb       0x33 obj\debug\freertos_core\portable\memmang\heap_4.o
 .ARM.attributes
                0x000000fe       0x33 obj\debug\freertos_core\tasks.o
 .ARM.attributes
                0x00000131       0x33 obj\debug\spl\src\misc.o
 .ARM.attributes
                0x00000164       0x33 obj\debug\spl\src\stm32f10x_gpio.o
 .ARM.attributes
                0x00000197       0x33 obj\debug\spl\src\stm32f10x_rcc.o
 .ARM.attributes
                0x000001ca       0x33 obj\debug\spl\src\stm32f10x_tim.o
 .ARM.attributes
                0x000001fd       0x33 obj\debug\src\main.o
 .ARM.attributes
                0x00000230       0x33 obj\debug\src\pwm_output.o
 .ARM.attributes
                0x00000263       0x1b obj\debug\src\startup_stm32f10x_md.o
 .ARM.attributes
                0x0000027e       0x33 obj\debug\src\system_stm32f10x.o
 .ARM.attributes
                0x000002b1       0x2d e:/program files (x86)/embitz/1.11/share/em_armgcc/bin/../lib/gcc/arm-none-eabi/5.4.1/../../../../arm-none-eabi/lib/armv7-m\libg_n.a(lib_a-exit.o)
 .ARM.attributes
                0x000002de       0x2d e:/program files (x86)/embitz/1.11/share/em_armgcc/bin/../lib/gcc/arm-none-eabi/5.4.1/../../../../arm-none-eabi/lib/armv7-m\libg_n.a(lib_a-impure.o)
 .ARM.attributes
                0x0000030b       0x2d e:/program files (x86)/embitz/1.11/share/em_armgcc/bin/../lib/gcc/arm-none-eabi/5.4.1/../../../../arm-none-eabi/lib/armv7-m\libg_n.a(lib_a-init.o)
 .ARM.attributes
                0x00000338       0x2d e:/program files (x86)/embitz/1.11/share/em_armgcc/bin/../lib/gcc/arm-none-eabi/5.4.1/../../../../arm-none-eabi/lib/armv7-m\libg_n.a(lib_a-memset.o)
 .ARM.attributes
                0x00000365       0x2d e:/program files (x86)/embitz/1.11/share/em_armgcc/bin/../lib/gcc/arm-none-eabi/5.4.1/../../../../arm-none-eabi/lib/armv7-m\libnosys_s.a(_exit.o)
 .ARM.attributes
                0x00000392       0x2d e:/program files (x86)/embitz/1.11/share/em_armgcc/bin/../lib/gcc/arm-none-eabi/5.4.1/armv7-m/crtend.o
 .ARM.attributes
                0x000003bf       0x1d e:/program files (x86)/embitz/1.11/share/em_armgcc/bin/../lib/gcc/arm-none-eabi/5.4.1/armv7-m/crtn.o

.comment        0x00000000       0x6e
 .comment       0x00000000       0x6e obj\debug\freertos_core\list.o
                                 0x6f (size before relaxing)
 .comment       0x0000006e       0x6f obj\debug\freertos_core\portable\arm_cm3\port.o
 .comment       0x0000006e       0x6f obj\debug\freertos_core\portable\memmang\heap_4.o
 .comment       0x0000006e       0x6f obj\debug\freertos_core\tasks.o
 .comment       0x0000006e       0x6f obj\debug\spl\src\misc.o
 .comment       0x0000006e       0x6f obj\debug\spl\src\stm32f10x_gpio.o
 .comment       0x0000006e       0x6f obj\debug\spl\src\stm32f10x_rcc.o
 .comment       0x0000006e       0x6f obj\debug\spl\src\stm32f10x_tim.o
 .comment       0x0000006e       0x6f obj\debug\src\main.o
 .comment       0x0000006e       0x6f obj\debug\src\pwm_output.o
 .comment       0x0000006e       0x6f obj\debug\src\system_stm32f10x.o

.debug_info     0x00000000     0x64e4
 .debug_info    0x00000000      0x2ad obj\debug\freertos_core\list.o
 .debug_info    0x000002ad      0x4cd obj\debug\freertos_core\portable\arm_cm3\port.o
 .debug_info    0x0000077a      0x3d6 obj\debug\freertos_core\portable\memmang\heap_4.o
 .debug_info    0x00000b50     0x185b obj\debug\freertos_core\tasks.o
 .debug_info    0x000023ab      0x55e obj\debug\spl\src\misc.o
 .debug_info    0x00002909      0x6fe obj\debug\spl\src\stm32f10x_gpio.o
 .debug_info    0x00003007      0x8ab obj\debug\spl\src\stm32f10x_rcc.o
 .debug_info    0x000038b2     0x1c68 obj\debug\spl\src\stm32f10x_tim.o
 .debug_info    0x0000551a      0x502 obj\debug\src\main.o
 .debug_info    0x00005a1c      0x5ae obj\debug\src\pwm_output.o
 .debug_info    0x00005fca       0x76 obj\debug\src\startup_stm32f10x_md.o
 .debug_info    0x00006040      0x4a4 obj\debug\src\system_stm32f10x.o

.debug_abbrev   0x00000000     0x118b
 .debug_abbrev  0x00000000       0xc8 obj\debug\freertos_core\list.o
 .debug_abbrev  0x000000c8      0x1e5 obj\debug\freertos_core\portable\arm_cm3\port.o
 .debug_abbrev  0x000002ad      0x1bc obj\debug\freertos_core\portable\memmang\heap_4.o
 .debug_abbrev  0x00000469      0x27a obj\debug\freertos_core\tasks.o
 .debug_abbrev  0x000006e3      0x14c obj\debug\spl\src\misc.o
 .debug_abbrev  0x0000082f      0x1d1 obj\debug\spl\src\stm32f10x_gpio.o
 .debug_abbrev  0x00000a00      0x1c1 obj\debug\spl\src\stm32f10x_rcc.o
 .debug_abbrev  0x00000bc1      0x1b7 obj\debug\spl\src\stm32f10x_tim.o
 .debug_abbrev  0x00000d78      0x159 obj\debug\src\main.o
 .debug_abbrev  0x00000ed1      0x153 obj\debug\src\pwm_output.o
 .debug_abbrev  0x00001024       0x14 obj\debug\src\startup_stm32f10x_md.o
 .debug_abbrev  0x00001038      0x153 obj\debug\src\system_stm32f10x.o

.debug_aranges  0x00000000      0x830
 .debug_aranges
                0x00000000       0x40 obj\debug\freertos_core\list.o
 .debug_aranges
                0x00000040       0x78 obj\debug\freertos_core\portable\arm_cm3\port.o
 .debug_aranges
                0x000000b8       0x50 obj\debug\freertos_core\portable\memmang\heap_4.o
 .debug_aranges
                0x00000108      0x178 obj\debug\freertos_core\tasks.o
 .debug_aranges
                0x00000280       0x40 obj\debug\spl\src\misc.o
 .debug_aranges
                0x000002c0       0xa8 obj\debug\spl\src\stm32f10x_gpio.o
 .debug_aranges
                0x00000368      0x118 obj\debug\spl\src\stm32f10x_rcc.o
 .debug_aranges
                0x00000480      0x2f0 obj\debug\spl\src\stm32f10x_tim.o
 .debug_aranges
                0x00000770       0x38 obj\debug\src\main.o
 .debug_aranges
                0x000007a8       0x30 obj\debug\src\pwm_output.o
 .debug_aranges
                0x000007d8       0x20 obj\debug\src\startup_stm32f10x_md.o
 .debug_aranges
                0x000007f8       0x38 obj\debug\src\system_stm32f10x.o

.debug_ranges   0x00000000      0x760
 .debug_ranges  0x00000000       0x30 obj\debug\freertos_core\list.o
 .debug_ranges  0x00000030       0x68 obj\debug\freertos_core\portable\arm_cm3\port.o
 .debug_ranges  0x00000098       0x40 obj\debug\freertos_core\portable\memmang\heap_4.o
 .debug_ranges  0x000000d8      0x168 obj\debug\freertos_core\tasks.o
 .debug_ranges  0x00000240       0x30 obj\debug\spl\src\misc.o
 .debug_ranges  0x00000270       0x98 obj\debug\spl\src\stm32f10x_gpio.o
 .debug_ranges  0x00000308      0x108 obj\debug\spl\src\stm32f10x_rcc.o
 .debug_ranges  0x00000410      0x2e0 obj\debug\spl\src\stm32f10x_tim.o
 .debug_ranges  0x000006f0       0x28 obj\debug\src\main.o
 .debug_ranges  0x00000718       0x20 obj\debug\src\pwm_output.o
 .debug_ranges  0x00000738       0x28 obj\debug\src\system_stm32f10x.o

.debug_macro    0x00000000     0xdb2b
 .debug_macro   0x00000000      0x17b obj\debug\freertos_core\list.o
 .debug_macro   0x0000017b      0x172 obj\debug\freertos_core\portable\arm_cm3\port.o
 .debug_macro   0x000002ed      0x1a2 obj\debug\freertos_core\portable\memmang\heap_4.o
 .debug_macro   0x0000048f      0x255 obj\debug\freertos_core\tasks.o
 .debug_macro   0x000006e4       0x10 obj\debug\freertos_core\tasks.o
 .debug_macro   0x000006f4      0x19e obj\debug\spl\src\misc.o
 .debug_macro   0x00000892       0x5d obj\debug\spl\src\misc.o
 .debug_macro   0x000008ef       0x3a obj\debug\spl\src\misc.o
 .debug_macro   0x00000929       0x18 obj\debug\spl\src\misc.o
 .debug_macro   0x00000941      0xa36 obj\debug\spl\src\misc.o
 .debug_macro   0x00001377     0x7eb3 obj\debug\spl\src\misc.o
 .debug_macro   0x0000922a      0x2df obj\debug\spl\src\misc.o
 .debug_macro   0x00009509      0x144 obj\debug\spl\src\misc.o
 .debug_macro   0x0000964d      0x3cf obj\debug\spl\src\misc.o
 .debug_macro   0x00009a1c       0xc8 obj\debug\spl\src\misc.o
 .debug_macro   0x00009ae4      0x17a obj\debug\spl\src\misc.o
 .debug_macro   0x00009c5e       0xac obj\debug\spl\src\misc.o
 .debug_macro   0x00009d0a      0x3ad obj\debug\spl\src\misc.o
 .debug_macro   0x0000a0b7       0x9a obj\debug\spl\src\misc.o
 .debug_macro   0x0000a151      0x2cf obj\debug\spl\src\misc.o
 .debug_macro   0x0000a420      0x279 obj\debug\spl\src\misc.o
 .debug_macro   0x0000a699      0x2ac obj\debug\spl\src\misc.o
 .debug_macro   0x0000a945      0x2b1 obj\debug\spl\src\misc.o
 .debug_macro   0x0000abf6       0x64 obj\debug\spl\src\misc.o
 .debug_macro   0x0000ac5a       0x82 obj\debug\spl\src\misc.o
 .debug_macro   0x0000acdc      0x3e2 obj\debug\spl\src\misc.o
 .debug_macro   0x0000b0be       0x58 obj\debug\spl\src\misc.o
 .debug_macro   0x0000b116      0x341 obj\debug\spl\src\misc.o
 .debug_macro   0x0000b457      0x2c4 obj\debug\spl\src\misc.o
 .debug_macro   0x0000b71b      0x711 obj\debug\spl\src\misc.o
 .debug_macro   0x0000be2c      0x220 obj\debug\spl\src\misc.o
 .debug_macro   0x0000c04c       0x34 obj\debug\spl\src\misc.o
 .debug_macro   0x0000c080       0x35 obj\debug\spl\src\misc.o
 .debug_macro   0x0000c0b5       0x85 obj\debug\spl\src\misc.o
 .debug_macro   0x0000c13a      0x1e6 obj\debug\spl\src\stm32f10x_gpio.o
 .debug_macro   0x0000c320      0x2a6 obj\debug\spl\src\stm32f10x_gpio.o
 .debug_macro   0x0000c5c6      0x2b4 obj\debug\spl\src\stm32f10x_rcc.o
 .debug_macro   0x0000c87a      0x3dc obj\debug\spl\src\stm32f10x_rcc.o
 .debug_macro   0x0000cc56      0x1b0 obj\debug\spl\src\stm32f10x_tim.o
 .debug_macro   0x0000ce06      0x70b obj\debug\spl\src\stm32f10x_tim.o
 .debug_macro   0x0000d511      0x229 obj\debug\src\main.o
 .debug_macro   0x0000d73a       0xbe obj\debug\src\main.o
 .debug_macro   0x0000d7f8      0x198 obj\debug\src\pwm_output.o
 .debug_macro   0x0000d990      0x19b obj\debug\src\system_stm32f10x.o

.debug_line     0x00000000     0x489e
 .debug_line    0x00000000      0x3bb obj\debug\freertos_core\list.o
 .debug_line    0x000003bb      0x4a4 obj\debug\freertos_core\portable\arm_cm3\port.o
 .debug_line    0x0000085f      0x4a1 obj\debug\freertos_core\portable\memmang\heap_4.o
 .debug_line    0x00000d00      0xd57 obj\debug\freertos_core\tasks.o
 .debug_line    0x00001a57      0x482 obj\debug\spl\src\misc.o
 .debug_line    0x00001ed9      0x605 obj\debug\spl\src\stm32f10x_gpio.o
 .debug_line    0x000024de      0x701 obj\debug\spl\src\stm32f10x_rcc.o
 .debug_line    0x00002bdf      0xd86 obj\debug\spl\src\stm32f10x_tim.o
 .debug_line    0x00003965      0x558 obj\debug\src\main.o
 .debug_line    0x00003ebd      0x470 obj\debug\src\pwm_output.o
 .debug_line    0x0000432d       0xa8 obj\debug\src\startup_stm32f10x_md.o
 .debug_line    0x000043d5      0x4c9 obj\debug\src\system_stm32f10x.o

.debug_str      0x00000000    0x58f04
 .debug_str     0x00000000     0x9256 obj\debug\freertos_core\list.o
                               0x9474 (size before relaxing)
 .debug_str     0x00009256      0xce7 obj\debug\freertos_core\portable\arm_cm3\port.o
                               0x78da (size before relaxing)
 .debug_str     0x00009f3d      0x286 obj\debug\freertos_core\portable\memmang\heap_4.o
                               0x9b95 (size before relaxing)
 .debug_str     0x0000a1c3     0x190f obj\debug\freertos_core\tasks.o
                               0xb3d8 (size before relaxing)
 .debug_str     0x0000bad2    0x4b4e0 obj\debug\spl\src\misc.o
                              0x4e89f (size before relaxing)
 .debug_str     0x00056fb2      0x5a5 obj\debug\spl\src\stm32f10x_gpio.o
                              0x4ec11 (size before relaxing)
 .debug_str     0x00057557      0xb49 obj\debug\spl\src\stm32f10x_rcc.o
                              0x4f1f7 (size before relaxing)
 .debug_str     0x000580a0      0xc05 obj\debug\spl\src\stm32f10x_tim.o
                              0x4f315 (size before relaxing)
 .debug_str     0x00058ca5      0x13d obj\debug\src\main.o
                              0x52741 (size before relaxing)
 .debug_str     0x00058de2       0x7b obj\debug\src\pwm_output.o
                              0x4ea18 (size before relaxing)
 .debug_str     0x00058e5d       0xa7 obj\debug\src\system_stm32f10x.o
                              0x4e7d2 (size before relaxing)

.debug_frame    0x00000000     0x22c4
 .debug_frame   0x00000000       0xd8 obj\debug\freertos_core\list.o
 .debug_frame   0x000000d8      0x198 obj\debug\freertos_core\portable\arm_cm3\port.o
 .debug_frame   0x00000270      0x108 obj\debug\freertos_core\portable\memmang\heap_4.o
 .debug_frame   0x00000378      0x64c obj\debug\freertos_core\tasks.o
 .debug_frame   0x000009c4       0xd8 obj\debug\spl\src\misc.o
 .debug_frame   0x00000a9c      0x2d0 obj\debug\spl\src\stm32f10x_gpio.o
 .debug_frame   0x00000d6c      0x4f4 obj\debug\spl\src\stm32f10x_rcc.o
 .debug_frame   0x00001260      0xe2c obj\debug\spl\src\stm32f10x_tim.o
 .debug_frame   0x0000208c       0x98 obj\debug\src\main.o
 .debug_frame   0x00002124       0x74 obj\debug\src\pwm_output.o
 .debug_frame   0x00002198       0x98 obj\debug\src\system_stm32f10x.o
 .debug_frame   0x00002230       0x28 e:/program files (x86)/embitz/1.11/share/em_armgcc/bin/../lib/gcc/arm-none-eabi/5.4.1/../../../../arm-none-eabi/lib/armv7-m\libg_n.a(lib_a-exit.o)
 .debug_frame   0x00002258       0x2c e:/program files (x86)/embitz/1.11/share/em_armgcc/bin/../lib/gcc/arm-none-eabi/5.4.1/../../../../arm-none-eabi/lib/armv7-m\libg_n.a(lib_a-init.o)
 .debug_frame   0x00002284       0x20 e:/program files (x86)/embitz/1.11/share/em_armgcc/bin/../lib/gcc/arm-none-eabi/5.4.1/../../../../arm-none-eabi/lib/armv7-m\libg_n.a(lib_a-memset.o)
 .debug_frame   0x000022a4       0x20 e:/program files (x86)/embitz/1.11/share/em_armgcc/bin/../lib/gcc/arm-none-eabi/5.4.1/../../../../arm-none-eabi/lib/armv7-m\libnosys_s.a(_exit.o)
