Archive member included to satisfy reference by file (symbol)

e:/program files (x86)/embitz/1.11/share/em_armgcc/bin/../lib/gcc/arm-none-eabi/5.4.1/../../../../arm-none-eabi/lib/armv7-m\libg_n.a(lib_a-exit.o)
                              e:/program files (x86)/embitz/1.11/share/em_armgcc/bin/../lib/gcc/arm-none-eabi/5.4.1/../../../../arm-none-eabi/lib/armv7-m/crt0.o (exit)
e:/program files (x86)/embitz/1.11/share/em_armgcc/bin/../lib/gcc/arm-none-eabi/5.4.1/../../../../arm-none-eabi/lib/armv7-m\libg_n.a(lib_a-impure.o)
                              e:/program files (x86)/embitz/1.11/share/em_armgcc/bin/../lib/gcc/arm-none-eabi/5.4.1/../../../../arm-none-eabi/lib/armv7-m\libg_n.a(lib_a-exit.o) (_global_impure_ptr)
e:/program files (x86)/embitz/1.11/share/em_armgcc/bin/../lib/gcc/arm-none-eabi/5.4.1/../../../../arm-none-eabi/lib/armv7-m\libg_n.a(lib_a-init.o)
                              e:/program files (x86)/embitz/1.11/share/em_armgcc/bin/../lib/gcc/arm-none-eabi/5.4.1/../../../../arm-none-eabi/lib/armv7-m/crt0.o (__libc_init_array)
e:/program files (x86)/embitz/1.11/share/em_armgcc/bin/../lib/gcc/arm-none-eabi/5.4.1/../../../../arm-none-eabi/lib/armv7-m\libg_n.a(lib_a-memcpy-stub.o)
                              obj\release\freertos_core\queue.o (memcpy)
e:/program files (x86)/embitz/1.11/share/em_armgcc/bin/../lib/gcc/arm-none-eabi/5.4.1/../../../../arm-none-eabi/lib/armv7-m\libg_n.a(lib_a-memset.o)
                              e:/program files (x86)/embitz/1.11/share/em_armgcc/bin/../lib/gcc/arm-none-eabi/5.4.1/../../../../arm-none-eabi/lib/armv7-m/crt0.o (memset)
e:/program files (x86)/embitz/1.11/share/em_armgcc/bin/../lib/gcc/arm-none-eabi/5.4.1/../../../../arm-none-eabi/lib/armv7-m\libnosys_s.a(_exit.o)
                              e:/program files (x86)/embitz/1.11/share/em_armgcc/bin/../lib/gcc/arm-none-eabi/5.4.1/../../../../arm-none-eabi/lib/armv7-m\libg_n.a(lib_a-exit.o) (_exit)

Allocating common symbols
Common symbol       size              file

StartTask_Handler   0x4               obj\release\src\main.o
Message_Queue       0x4               obj\release\src\main.o
LED0Task_Handler    0x4               obj\release\src\main.o
Task1Task_Handler   0x4               obj\release\src\main.o
KeyTask_Handler     0x4               obj\release\src\main.o

Discarded input sections

 .text          0x00000000        0x0 e:/program files (x86)/embitz/1.11/share/em_armgcc/bin/../lib/gcc/arm-none-eabi/5.4.1/armv7-m/crti.o
 .data          0x00000000        0x0 e:/program files (x86)/embitz/1.11/share/em_armgcc/bin/../lib/gcc/arm-none-eabi/5.4.1/armv7-m/crti.o
 .bss           0x00000000        0x0 e:/program files (x86)/embitz/1.11/share/em_armgcc/bin/../lib/gcc/arm-none-eabi/5.4.1/armv7-m/crti.o
 .data          0x00000000        0x4 e:/program files (x86)/embitz/1.11/share/em_armgcc/bin/../lib/gcc/arm-none-eabi/5.4.1/armv7-m/crtbegin.o
 .data          0x00000000        0x0 e:/program files (x86)/embitz/1.11/share/em_armgcc/bin/../lib/gcc/arm-none-eabi/5.4.1/../../../../arm-none-eabi/lib/armv7-m/crt0.o
 .bss           0x00000000        0x0 e:/program files (x86)/embitz/1.11/share/em_armgcc/bin/../lib/gcc/arm-none-eabi/5.4.1/../../../../arm-none-eabi/lib/armv7-m/crt0.o
 .ARM.extab     0x00000000        0x0 e:/program files (x86)/embitz/1.11/share/em_armgcc/bin/../lib/gcc/arm-none-eabi/5.4.1/../../../../arm-none-eabi/lib/armv7-m/crt0.o
 .text          0x00000000        0x0 obj\release\freertos_core\croutine.o
 .data          0x00000000        0x0 obj\release\freertos_core\croutine.o
 .bss           0x00000000        0x0 obj\release\freertos_core\croutine.o
 .debug_info    0x00000000       0x79 obj\release\freertos_core\croutine.o
 .debug_abbrev  0x00000000       0x26 obj\release\freertos_core\croutine.o
 .debug_aranges
                0x00000000       0x18 obj\release\freertos_core\croutine.o
 .debug_line    0x00000000       0x1d obj\release\freertos_core\croutine.o
 .debug_str     0x00000000      0x1a9 obj\release\freertos_core\croutine.o
 .comment       0x00000000       0x6f obj\release\freertos_core\croutine.o
 .ARM.attributes
                0x00000000       0x33 obj\release\freertos_core\croutine.o
 .text          0x00000000        0x0 obj\release\freertos_core\event_groups.o
 .data          0x00000000        0x0 obj\release\freertos_core\event_groups.o
 .bss           0x00000000        0x0 obj\release\freertos_core\event_groups.o
 .text.xEventGroupCreate
                0x00000000       0x1c obj\release\freertos_core\event_groups.o
 .text.xEventGroupWaitBits
                0x00000000       0xec obj\release\freertos_core\event_groups.o
 .text.xEventGroupClearBits
                0x00000000       0x48 obj\release\freertos_core\event_groups.o
 .text.xEventGroupGetBitsFromISR
                0x00000000       0x1c obj\release\freertos_core\event_groups.o
 .text.xEventGroupSetBits
[...]
Memory Configuration

Name             Origin             Length             Attributes
ROM              0x08000000         0x00010000         xr
RAM              0x20000000         0x00005000         xrw
*default*        0x00000000         0xffffffff

Linker script and memory map

LOAD e:/program files (x86)/embitz/1.11/share/em_armgcc/bin/../lib/gcc/arm-none-eabi/5.4.1/armv7-m/crti.o
LOAD e:/program files (x86)/embitz/1.11/share/em_armgcc/bin/../lib/gcc/arm-none-eabi/5.4.1/armv7-m/crtbegin.o
LOAD e:/program files (x86)/embitz/1.11/share/em_armgcc/bin/../lib/gcc/arm-none-eabi/5.4.1/../../../../arm-none-eabi/lib/armv7-m/crt0.o
                0x00000000                __HEAP_SIZE = 0x0
                0x00000100                __STACK_SIZE = 0x100

.text           0x08000000     0x2594
 *(.isr_vector)
 .isr_vector    0x08000000       0xec obj\release\src\startup_stm32f10x_md.o
                0x08000000                __isr_vector
 *(.text*)
 .text          0x080000ec       0x5c e:/program files (x86)/embitz/1.11/share/em_armgcc/bin/../lib/gcc/arm-none-eabi/5.4.1/armv7-m/crtbegin.o
 .text          0x08000148       0x74 e:/program files (x86)/embitz/1.11/share/em_armgcc/bin/../lib/gcc/arm-none-eabi/5.4.1/../../../../arm-none-eabi/lib/armv7-m/crt0.o
                0x08000148                _start
                0x08000148                _mainCRTStartup
 .text.vListInitialise
                0x080001bc       0x18 obj\release\freertos_core\list.o
                0x080001bc                vListInitialise
 .text.vListInitialiseItem
                0x080001d4        0x8 obj\release\freertos_core\list.o
                0x080001d4                vListInitialiseItem
 .text.vListInsertEnd
                0x080001dc       0x18 obj\release\freertos_core\list.o
                0x080001dc                vListInsertEnd
 .text.vListInsert
                0x080001f4       0x34 obj\release\freertos_core\list.o
                0x080001f4                vListInsert
 .text.uxListRemove
                0x08000228       0x28 obj\release\freertos_core\list.o
                0x08000228                uxListRemove
 .text.prvTaskExitError
                0x08000250       0x40 obj\release\freertos_core\portable\arm_cm3\port.o
 .text.unlikely.prvPortStartFirstTask
                0x08000290       0x20 obj\release\freertos_core\portable\arm_cm3\port.o
 .text.pxPortInitialiseStack
                0x080002b0       0x24 obj\release\freertos_core\portable\arm_cm3\port.o
                0x080002b0                pxPortInitialiseStack
 *fill*         0x080002d4        0xc 
 .text.SVC_Handler
                0x080002e0       0x24 obj\release\freertos_core\portable\arm_cm3\port.o
                0x080002e0                SVC_Handler
 .text.vPortEnterCritical
                0x08000304       0x44 obj\release\freertos_core\portable\arm_cm3\port.o
                0x08000304                vPortEnterCritical
 .text.vPortExitCritical
                0x08000348       0x28 obj\release\freertos_core\portable\arm_cm3\port.o
                0x08000348                vPortExitCritical
 .text.PendSV_Handler
                0x08000370       0x44 obj\release\freertos_core\portable\arm_cm3\port.o
                0x08000370                PendSV_Handler
 .text.SysTick_Handler
                0x080003b4       0x2c obj\release\freertos_core\portable\arm_cm3\port.o
                0x080003b4                SysTick_Handler
 .text.vPortSetupTimerInterrupt
                0x080003e0       0x2c obj\release\freertos_core\portable\arm_cm3\port.o
                0x080003e0                vPortSetupTimerInterrupt
 .text.xPortStartScheduler
                0x0800040c       0xbc obj\release\freertos_core\portable\arm_cm3\port.o
                0x0800040c                xPortStartScheduler
 .text.vPortValidateInterruptPriority
                0x080004c8       0x5c obj\release\freertos_core\portable\arm_cm3\port.o
                0x080004c8                vPortValidateInterruptPriority
 .text.unlikely.prvInsertBlockIntoFreeList
                0x08000524       0x50 obj\release\freertos_core\portable\memmang\heap_4.o
 .text.pvPortMalloc
                0x08000574      0x134 obj\release\freertos_core\portable\memmang\heap_4.o
                0x08000574                pvPortMalloc
 .text.vPortFree
                0x080006a8       0x70 obj\release\freertos_core\portable\memmang\heap_4.o
                0x080006a8                vPortFree
 .text.unlikely.prvCopyDataToQueue
                0x08000718       0x58 obj\release\freertos_core\queue.o
 .text.unlikely.prvCopyDataFromQueue
                0x08000770       0x24 obj\release\freertos_core\queue.o
 .text.prvUnlockQueue
                0x08000794       0x94 obj\release\freertos_core\queue.o
 .text.xQueueGenericReset
                0x08000828       0x90 obj\release\freertos_core\queue.o
                0x08000828                xQueueGenericReset
 .text.xQueueGenericCreate
                0x080008b8       0x44 obj\release\freertos_core\queue.o
                0x080008b8                xQueueGenericCreate
 .text.xQueueGenericSendFromISR
                0x080008fc       0xc8 obj\release\freertos_core\queue.o
                0x080008fc                xQueueGenericSendFromISR
 .text.xQueueReceive
                0x080009c4      0x140 obj\release\freertos_core\queue.o
                0x080009c4                xQueueReceive
 .text.prvIdleTask
                0x08000b04       0x70 obj\release\freertos_core\tasks.o
 .text.prvTaskIsTaskSuspended
                0x08000b74       0x38 obj\release\freertos_core\tasks.o
 .text.prvResetNextTaskUnblockTime.part.1
                0x08000bac       0x18 obj\release\freertos_core\tasks.o
 .text.prvAddCurrentTaskToDelayedList
                0x08000bc4       0x90 obj\release\freertos_core\tasks.o
 .text.xTaskCreate
                0x08000c54      0x1cc obj\release\freertos_core\tasks.o
                0x08000c54                xTaskCreate
 .text.vTaskDelete
                0x08000e20      0x100 obj\release\freertos_core\tasks.o
                0x08000e20                vTaskDelete
 .text.vTaskResume
                0x08000f20       0x94 obj\release\freertos_core\tasks.o
                0x08000f20                vTaskResume
 .text.vTaskStartScheduler
                0x08000fb4       0x78 obj\release\freertos_core\tasks.o
                0x08000fb4                vTaskStartScheduler
 .text.vTaskSuspendAll
                0x0800102c       0x10 obj\release\freertos_core\tasks.o
                0x0800102c                vTaskSuspendAll
 .text.xTaskIncrementTick
                0x0800103c      0x14c obj\release\freertos_core\tasks.o
                0x0800103c                xTaskIncrementTick
 .text.xTaskResumeAll
                0x08001188      0x10c obj\release\freertos_core\tasks.o
                0x08001188                xTaskResumeAll
 .text.vTaskDelay
                0x08001294       0x4c obj\release\freertos_core\tasks.o
                0x08001294                vTaskDelay
 .text.vTaskSwitchContext
                0x080012e0       0x70 obj\release\freertos_core\tasks.o
                0x080012e0                vTaskSwitchContext
 .text.vTaskSuspend
                0x08001350      0x104 obj\release\freertos_core\tasks.o
                0x08001350                vTaskSuspend
 .text.vTaskPlaceOnEventList
                0x08001454       0x34 obj\release\freertos_core\tasks.o
                0x08001454                vTaskPlaceOnEventList
 .text.xTaskRemoveFromEventList
                0x08001488       0x88 obj\release\freertos_core\tasks.o
                0x08001488                xTaskRemoveFromEventList
 .text.vTaskInternalSetTimeOutState
                0x08001510       0x18 obj\release\freertos_core\tasks.o
                0x08001510                vTaskInternalSetTimeOutState
 .text.xTaskCheckForTimeOut
                0x08001528       0x98 obj\release\freertos_core\tasks.o
                0x08001528                xTaskCheckForTimeOut
 .text.vTaskMissedYield
                0x080015c0        0xc obj\release\freertos_core\tasks.o
                0x080015c0                vTaskMissedYield
 .text.NVIC_PriorityGroupConfig
                0x080015cc       0x14 obj\release\spl\src\misc.o
                0x080015cc                NVIC_PriorityGroupConfig
 .text.NVIC_Init
                0x080015e0       0x6c obj\release\spl\src\misc.o
                0x080015e0                NVIC_Init
 .text.GPIO_Init
                0x0800164c       0xcc obj\release\spl\src\stm32f10x_gpio.o
                0x0800164c                GPIO_Init
 .text.GPIO_ReadInputDataBit
                0x08001718        0xc obj\release\spl\src\stm32f10x_gpio.o
                0x08001718                GPIO_ReadInputDataBit
 .text.GPIO_SetBits
                0x08001724        0x4 obj\release\spl\src\stm32f10x_gpio.o
                0x08001724                GPIO_SetBits
 .text.GPIO_ResetBits
                0x08001728        0x4 obj\release\spl\src\stm32f10x_gpio.o
                0x08001728                GPIO_ResetBits
 .text.RCC_GetClocksFreq
                0x0800172c       0x9c obj\release\spl\src\stm32f10x_rcc.o
                0x0800172c                RCC_GetClocksFreq
 .text.RCC_APB2PeriphClockCmd
                0x080017c8       0x1c obj\release\spl\src\stm32f10x_rcc.o
                0x080017c8                RCC_APB2PeriphClockCmd
 .text.RCC_APB1PeriphClockCmd
                0x080017e4       0x1c obj\release\spl\src\stm32f10x_rcc.o
                0x080017e4                RCC_APB1PeriphClockCmd
 .text.TIM_TimeBaseInit
                0x08001800       0xa4 obj\release\spl\src\stm32f10x_tim.o
                0x08001800                TIM_TimeBaseInit
 .text.TIM_OC4Init
                0x080018a4       0x6c obj\release\spl\src\stm32f10x_tim.o
                0x080018a4                TIM_OC4Init
 .text.TIM_Cmd  0x08001910       0x1c obj\release\spl\src\stm32f10x_tim.o
                0x08001910                TIM_Cmd
 .text.TIM_CtrlPWMOutputs
                0x0800192c       0x20 obj\release\spl\src\stm32f10x_tim.o
                0x0800192c                TIM_CtrlPWMOutputs
 .text.TIM_ARRPreloadConfig
                0x0800194c       0x1c obj\release\spl\src\stm32f10x_tim.o
                0x0800194c                TIM_ARRPreloadConfig
 .text.TIM_OC4PreloadConfig
                0x08001968       0x14 obj\release\spl\src\stm32f10x_tim.o
                0x08001968                TIM_OC4PreloadConfig
 .text.USART_Init
                0x0800197c       0xbc obj\release\spl\src\stm32f10x_usart.o
                0x0800197c                USART_Init
 .text.USART_Cmd
                0x08001a38       0x1c obj\release\spl\src\stm32f10x_usart.o
                0x08001a38                USART_Cmd
 .text.USART_ITConfig
                0x08001a54       0x38 obj\release\spl\src\stm32f10x_usart.o
                0x08001a54                USART_ITConfig
 .text.USART_SendData
                0x08001a8c        0x8 obj\release\spl\src\stm32f10x_usart.o
                0x08001a8c                USART_SendData
 .text.USART_ReceiveData
                0x08001a94        0x8 obj\release\spl\src\stm32f10x_usart.o
                0x08001a94                USART_ReceiveData
 .text.USART_GetFlagStatus
                0x08001a9c        0xc obj\release\spl\src\stm32f10x_usart.o
                0x08001a9c                USART_GetFlagStatus
 .text.USART_ClearFlag
                0x08001aa8        0x8 obj\release\spl\src\stm32f10x_usart.o
                0x08001aa8                USART_ClearFlag
 .text.USART_GetITStatus
                0x08001ab0       0x48 obj\release\spl\src\stm32f10x_usart.o
                0x08001ab0                USART_GetITStatus
 .text.USART_ClearITPendingBit
                0x08001af8       0x10 obj\release\spl\src\stm32f10x_usart.o
                0x08001af8                USART_ClearITPendingBit
 .text.start_task
                0x08001b08       0x90 obj\release\src\main.o
                0x08001b08                start_task
 .text.uart_putchar
                0x08001b98       0x28 obj\release\src\main.o
                0x08001b98                uart_putchar
 .text.led0_task
                0x08001bc0       0x34 obj\release\src\main.o
                0x08001bc0                led0_task
 .text.uart_sendbuffer
                0x08001bf4       0x34 obj\release\src\main.o
                0x08001bf4                uart_sendbuffer
 .text.task1_task
                0x08001c28      0x114 obj\release\src\main.o
                0x08001c28                task1_task
 .text.led_gpio_init
                0x08001d3c       0x34 obj\release\src\main.o
                0x08001d3c                led_gpio_init
 .text.key_gpio_init
                0x08001d70       0x30 obj\release\src\main.o
                0x08001d70                key_gpio_init
 .text.keyscan  0x08001da0       0x3c obj\release\src\main.o
                0x08001da0                keyscan
 .text.key_task
                0x08001ddc       0x4c obj\release\src\main.o
                0x08001ddc                key_task
 .text.uart_init
                0x08001e28       0xac obj\release\src\main.o
                0x08001e28                uart_init
 .text.startup.main
                0x08001ed4       0x8c obj\release\src\main.o
                0x08001ed4                main
 .text.USART1_IRQHandler
                0x08001f60       0x4c obj\release\src\main.o
                0x08001f60                USART1_IRQHandler
 .text.crc16    0x08001fac       0x3c obj\release\src\procto.o
                0x08001fac                crc16
 .text.rcc_init
                0x08001fe8       0x30 obj\release\src\pwm_output.o
                0x08001fe8                rcc_init
 .text.pwm_gpio_init
                0x08002018       0x3c obj\release\src\pwm_output.o
                0x08002018                pwm_gpio_init
 .text.TIMx_PWM_Config
                0x08002054       0x8c obj\release\src\pwm_output.o
                0x08002054                TIMx_PWM_Config
 .text          0x080020e0       0xb8 obj\release\src\startup_stm32f10x_md.o
                0x080020e0                Reset_Handler
                0x08002126                NMI_Handler
                0x08002128                HardFault_Handler
                0x0800212a                MemManage_Handler
                0x0800212c                BusFault_Handler
                0x0800212e                UsageFault_Handler
                0x08002132                DebugMon_Handler
                0x08002138                Default_Handler
                0x0800213a                WWDG_IRQHandler
                0x0800213c                PVD_IRQHandler
                0x0800213e                TAMPER_IRQHandler
                0x08002140                RTC_IRQHandler
                0x08002142                FLASH_IRQHandler
                0x08002144                RCC_IRQHandler
                0x08002146                EXTI0_IRQHandler
                0x08002148                EXTI1_IRQHandler
                0x0800214a                EXTI2_IRQHandler
                0x0800214c                EXTI3_IRQHandler
                0x0800214e                EXTI4_IRQHandler
                0x08002150                DMA1_Channel1_IRQHandler
                0x08002152                DMA1_Channel2_IRQHandler
                0x08002154                DMA1_Channel3_IRQHandler
                0x08002156                DMA1_Channel4_IRQHandler
                0x08002158                DMA1_Channel5_IRQHandler
                0x0800215a                DMA1_Channel6_IRQHandler
                0x0800215c                DMA1_Channel7_IRQHandler
                0x0800215e                ADC1_2_IRQHandler
                0x08002160                USB_HP_CAN1_TX_IRQHandler
                0x08002162                USB_LP_CAN1_RX0_IRQHandler
                0x08002164                CAN1_RX1_IRQHandler
                0x08002166                CAN1_SCE_IRQHandler
                0x08002168                EXTI9_5_IRQHandler
                0x0800216a                TIM1_BRK_IRQHandler
                0x0800216c                TIM1_UP_IRQHandler
                0x0800216e                TIM1_TRG_COM_IRQHandler
                0x08002170                TIM1_CC_IRQHandler
                0x08002172                TIM2_IRQHandler
                0x08002174                TIM3_IRQHandler
                0x08002176                TIM4_IRQHandler
                0x08002178                I2C1_EV_IRQHandler
                0x0800217a                I2C1_ER_IRQHandler
                0x0800217c                I2C2_EV_IRQHandler
                0x0800217e                I2C2_ER_IRQHandler
                0x08002180                SPI1_IRQHandler
                0x08002182                SPI2_IRQHandler
                0x08002186                USART2_IRQHandler
                0x08002188                USART3_IRQHandler
                0x0800218a                EXTI15_10_IRQHandler
                0x0800218c                RTCAlarm_IRQHandler
                0x0800218e                USBWakeUp_IRQHandler
 .text.SystemInit
                0x08002198      0x104 obj\release\src\system_stm32f10x.o
                0x08002198                SystemInit
 .text.exit     0x0800229c       0x28 e:/program files (x86)/embitz/1.11/share/em_armgcc/bin/../lib/gcc/arm-none-eabi/5.4.1/../../../../arm-none-eabi/lib/armv7-m\libg_n.a(lib_a-exit.o)
                0x0800229c                exit
 .text.__libc_init_array
                0x080022c4       0x4c e:/program files (x86)/embitz/1.11/share/em_armgcc/bin/../lib/gcc/arm-none-eabi/5.4.1/../../../../arm-none-eabi/lib/armv7-m\libg_n.a(lib_a-init.o)
                0x080022c4                __libc_init_array
 .text.memcpy   0x08002310       0x16 e:/program files (x86)/embitz/1.11/share/em_armgcc/bin/../lib/gcc/arm-none-eabi/5.4.1/../../../../arm-none-eabi/lib/armv7-m\libg_n.a(lib_a-memcpy-stub.o)
                0x08002310                memcpy
 .text.memset   0x08002326       0x10 e:/program files (x86)/embitz/1.11/share/em_armgcc/bin/../lib/gcc/arm-none-eabi/5.4.1/../../../../arm-none-eabi/lib/armv7-m\libg_n.a(lib_a-memset.o)
                0x08002326                memset
 .text._exit    0x08002336        0x2 e:/program files (x86)/embitz/1.11/share/em_armgcc/bin/../lib/gcc/arm-none-eabi/5.4.1/../../../../arm-none-eabi/lib/armv7-m\libnosys_s.a(_exit.o)
                0x08002336                _exit
 *(.init)
 .init          0x08002338        0x4 e:/program files (x86)/embitz/1.11/share/em_armgcc/bin/../lib/gcc/arm-none-eabi/5.4.1/armv7-m/crti.o
                0x08002338                _init
 .init          0x0800233c        0x8 e:/program files (x86)/embitz/1.11/share/em_armgcc/bin/../lib/gcc/arm-none-eabi/5.4.1/armv7-m/crtn.o
 *(.fini)
 .fini          0x08002344        0x4 e:/program files (x86)/embitz/1.11/share/em_armgcc/bin/../lib/gcc/arm-none-eabi/5.4.1/armv7-m/crti.o
                0x08002344                _fini
 .fini          0x08002348        0x8 e:/program files (x86)/embitz/1.11/share/em_armgcc/bin/../lib/gcc/arm-none-eabi/5.4.1/armv7-m/crtn.o
 *crtbegin.o(.ctors)
 *crtbegin?.o(.ctors)
 *(EXCLUDE_FILE(*crtend.o *crtend?.o) .ctors)
 *(SORT(.ctors.*))
 *(.ctors)
 *crtbegin.o(.dtors)
 *crtbegin?.o(.dtors)
 *(EXCLUDE_FILE(*crtend.o *crtend?.o) .dtors)
 *(SORT(.dtors.*))
 *(.dtors)
 *(.rodata*)
 .rodata.str1.4
                0x08002350        0x5 obj\release\freertos_core\tasks.o
 *fill*         0x08002355        0x3 
 .rodata.str1.4
                0x08002358       0x30 obj\release\src\main.o
                                 0x2f (size before relaxing)
 .rodata.auchCRCLo
                0x08002388      0x100 obj\release\src\procto.o
 .rodata.auchCRCHi
                0x08002488      0x100 obj\release\src\procto.o
 .rodata.str1.1
                0x08002588        0x2 e:/program files (x86)/embitz/1.11/share/em_armgcc/bin/../lib/gcc/arm-none-eabi/5.4.1/../../../../arm-none-eabi/lib/armv7-m\libg_n.a(lib_a-impure.o)
 *fill*         0x0800258a        0x2 
 .rodata._global_impure_ptr
                0x0800258c        0x4 e:/program files (x86)/embitz/1.11/share/em_armgcc/bin/../lib/gcc/arm-none-eabi/5.4.1/../../../../arm-none-eabi/lib/armv7-m\libg_n.a(lib_a-impure.o)
                0x0800258c                _global_impure_ptr
 *(.eh_frame*)
 .eh_frame      0x08002590        0x0 e:/program files (x86)/embitz/1.11/share/em_armgcc/bin/../lib/gcc/arm-none-eabi/5.4.1/armv7-m/crtbegin.o
 .eh_frame      0x08002590        0x4 e:/program files (x86)/embitz/1.11/share/em_armgcc/bin/../lib/gcc/arm-none-eabi/5.4.1/armv7-m/crtend.o

.glue_7         0x08002594        0x0
 .glue_7        0x08002594        0x0 linker stubs

.glue_7t        0x08002594        0x0
 .glue_7t       0x08002594        0x0 linker stubs

.vfp11_veneer   0x08002594        0x0
 .vfp11_veneer  0x08002594        0x0 linker stubs

.v4_bx          0x08002594        0x0
 .v4_bx         0x08002594        0x0 linker stubs

.iplt           0x08002594        0x0
 .iplt          0x08002594        0x0 e:/program files (x86)/embitz/1.11/share/em_armgcc/bin/../lib/gcc/arm-none-eabi/5.4.1/armv7-m/crtbegin.o

.ARM.extab
 *(.ARM.extab* .gnu.linkonce.armextab.*)
                0x08002594                __exidx_start = .

.ARM.exidx      0x08002594        0x8
 *(.ARM.exidx* .gnu.linkonce.armexidx.*)
 .ARM.exidx     0x08002594        0x8 e:/program files (x86)/embitz/1.11/share/em_armgcc/bin/../lib/gcc/arm-none-eabi/5.4.1/../../../../arm-none-eabi/lib/armv7-m/crt0.o
                0x0800259c                __exidx_end = .
                0x0800259c                __etext = .

.rel.dyn        0x0800259c        0x0
 .rel.iplt      0x0800259c        0x0 e:/program files (x86)/embitz/1.11/share/em_armgcc/bin/../lib/gcc/arm-none-eabi/5.4.1/armv7-m/crtbegin.o

.data           0x20000000       0x84 load address 0x0800259c
                0x20000000                __data_start__ = .
 *(vtable)
 *(.data*)
 .data.uxCriticalNesting
                0x20000000        0x4 obj\release\freertos_core\portable\arm_cm3\port.o
 .data.ADCPrescTable
                0x20000004        0x4 obj\release\spl\src\stm32f10x_rcc.o
 .data.APBAHBPrescTable
                0x20000008       0x10 obj\release\spl\src\stm32f10x_rcc.o
 .data.SystemCoreClock
                0x20000018        0x4 obj\release\src\system_stm32f10x.o
                0x20000018                SystemCoreClock
 .data.impure_data
                0x2000001c       0x60 e:/program files (x86)/embitz/1.11/share/em_armgcc/bin/../lib/gcc/arm-none-eabi/5.4.1/../../../../arm-none-eabi/lib/armv7-m\libg_n.a(lib_a-impure.o)
                0x2000007c                . = ALIGN (0x4)
                0x2000007c                PROVIDE (__preinit_array_start, .)
 *(.preinit_array)
                0x2000007c                PROVIDE (__preinit_array_end, .)
                0x2000007c                . = ALIGN (0x4)
                0x2000007c                PROVIDE (__init_array_start, .)
 *(SORT(.init_array.*))
 *(.init_array)
 .init_array    0x2000007c        0x4 e:/program files (x86)/embitz/1.11/share/em_armgcc/bin/../lib/gcc/arm-none-eabi/5.4.1/armv7-m/crtbegin.o
                0x20000080                PROVIDE (__init_array_end, .)
                0x20000080                . = ALIGN (0x4)
                [!provide]                PROVIDE (__fini_array_start, .)
 *(SORT(.fini_array.*))
 *(.fini_array)
 .fini_array    0x20000080        0x4 e:/program files (x86)/embitz/1.11/share/em_armgcc/bin/../lib/gcc/arm-none-eabi/5.4.1/armv7-m/crtbegin.o
                [!provide]                PROVIDE (__fini_array_end, .)
                0x20000084                . = ALIGN (0x4)
                0x20000084                __data_end__ = .

.jcr            0x20000084        0x0 load address 0x08002620
 .jcr           0x20000084        0x0 e:/program files (x86)/embitz/1.11/share/em_armgcc/bin/../lib/gcc/arm-none-eabi/5.4.1/armv7-m/crtbegin.o

.igot.plt       0x20000084        0x0 load address 0x08002620
 .igot.plt      0x20000084        0x0 e:/program files (x86)/embitz/1.11/share/em_armgcc/bin/../lib/gcc/arm-none-eabi/5.4.1/armv7-m/crtbegin.o

.bss            0x20000084     0x456c load address 0x08002620
                0x20000084                __bss_start__ = .
 *(.bss*)
 .bss           0x20000084       0x1c e:/program files (x86)/embitz/1.11/share/em_armgcc/bin/../lib/gcc/arm-none-eabi/5.4.1/armv7-m/crtbegin.o
 .bss.ucMaxSysCallPriority
                0x200000a0        0x1 obj\release\freertos_core\portable\arm_cm3\port.o
 *fill*         0x200000a1        0x3 
 .bss.ulMaxPRIGROUPValue
                0x200000a4        0x4 obj\release\freertos_core\portable\arm_cm3\port.o
 .bss.xFreeBytesRemaining
                0x200000a8        0x4 obj\release\freertos_core\portable\memmang\heap_4.o
 .bss.pxEnd     0x200000ac        0x4 obj\release\freertos_core\portable\memmang\heap_4.o
 .bss.xStart    0x200000b0        0x8 obj\release\freertos_core\portable\memmang\heap_4.o
 .bss.ucHeap    0x200000b8     0x4400 obj\release\freertos_core\portable\memmang\heap_4.o
 .bss.xBlockAllocatedBit
                0x200044b8        0x4 obj\release\freertos_core\portable\memmang\heap_4.o
 .bss.xMinimumEverFreeBytesRemaining
                0x200044bc        0x4 obj\release\freertos_core\portable\memmang\heap_4.o
 .bss.xNumOfOverflows
                0x200044c0        0x4 obj\release\freertos_core\tasks.o
 .bss.pxDelayedTaskList
                0x200044c4        0x4 obj\release\freertos_core\tasks.o
 .bss.xSchedulerRunning
                0x200044c8        0x4 obj\release\freertos_core\tasks.o
 .bss.xTasksWaitingTermination
                0x200044cc       0x14 obj\release\freertos_core\tasks.o
 .bss.xSuspendedTaskList
                0x200044e0       0x14 obj\release\freertos_core\tasks.o
 .bss.uxPendedTicks
                0x200044f4        0x4 obj\release\freertos_core\tasks.o
 .bss.pxReadyTasksLists
                0x200044f8       0x64 obj\release\freertos_core\tasks.o
 .bss.uxSchedulerSuspended
                0x2000455c        0x4 obj\release\freertos_core\tasks.o
 .bss.pxCurrentTCB
                0x20004560        0x4 obj\release\freertos_core\tasks.o
                0x20004560                pxCurrentTCB
 .bss.xPendingReadyList
                0x20004564       0x14 obj\release\freertos_core\tasks.o
 .bss.xIdleTaskHandle
                0x20004578        0x4 obj\release\freertos_core\tasks.o
 .bss.xTickCount
                0x2000457c        0x4 obj\release\freertos_core\tasks.o
 .bss.xNextTaskUnblockTime
                0x20004580        0x4 obj\release\freertos_core\tasks.o
 .bss.xDelayedTaskList2
                0x20004584       0x14 obj\release\freertos_core\tasks.o
 .bss.uxTaskNumber
                0x20004598        0x4 obj\release\freertos_core\tasks.o
 .bss.xDelayedTaskList1
                0x2000459c       0x14 obj\release\freertos_core\tasks.o
 .bss.uxDeletedTasksWaitingCleanUp
                0x200045b0        0x4 obj\release\freertos_core\tasks.o
 .bss.pxOverflowDelayedTaskList
                0x200045b4        0x4 obj\release\freertos_core\tasks.o
 .bss.uxCurrentNumberOfTasks
                0x200045b8        0x4 obj\release\freertos_core\tasks.o
 .bss.uxTopReadyPriority
                0x200045bc        0x4 obj\release\freertos_core\tasks.o
 .bss.xYieldPending
                0x200045c0        0x4 obj\release\freertos_core\tasks.o
 .bss.pwm_messeage
                0x200045c4        0xc obj\release\src\main.o
                0x200045c4                pwm_messeage
 .bss.ARR       0x200045d0        0x8 obj\release\src\main.o
                0x200045d0                ARR
 .bss.keycount  0x200045d8        0x1 obj\release\src\main.o
                0x200045d8                keycount
 *(COMMON)
 *fill*         0x200045d9        0x3 
 COMMON         0x200045dc       0x14 obj\release\src\main.o
                0x200045dc                StartTask_Handler
                0x200045e0                Message_Queue
                0x200045e4                LED0Task_Handler
                0x200045e8                Task1Task_Handler
                0x200045ec                KeyTask_Handler
                0x200045f0                __bss_end__ = .

.heap           0x200045f0        0x0
                0x200045f0                __end__ = .
                0x200045f0                end = __end__
 *(.heap*)
 .heap          0x200045f0        0x0 obj\release\src\startup_stm32f10x_md.o
                0x200045f0                __HeapLimit = .

.stack_dummy    0x200045f0      0x100
 *(.stack)
 .stack         0x200045f0      0x100 obj\release\src\startup_stm32f10x_md.o
                0x20005000                __StackTop = (ORIGIN (RAM) + LENGTH (RAM))
                0x20004f00                __StackLimit = (__StackTop - SIZEOF (.stack_dummy))
                0x20005000                PROVIDE (__stack, __StackTop)
                0x00000001                ASSERT ((__StackLimit >= __HeapLimit), region RAM overflowed with stack)
LOAD obj\release\freertos_core\croutine.o
LOAD obj\release\freertos_core\event_groups.o
LOAD obj\release\freertos_core\list.o
LOAD obj\release\freertos_core\portable\arm_cm3\port.o
LOAD obj\release\freertos_core\portable\memmang\heap_4.o
LOAD obj\release\freertos_core\queue.o
LOAD obj\release\freertos_core\stream_buffer.o
LOAD obj\release\freertos_core\tasks.o
LOAD obj\release\freertos_core\timers.o
LOAD obj\release\spl\src\misc.o
LOAD obj\release\spl\src\stm32f10x_adc.o
LOAD obj\release\spl\src\stm32f10x_bkp.o
LOAD obj\release\spl\src\stm32f10x_can.o
LOAD obj\release\spl\src\stm32f10x_cec.o
LOAD obj\release\spl\src\stm32f10x_crc.o
LOAD obj\release\spl\src\stm32f10x_dac.o
LOAD obj\release\spl\src\stm32f10x_dbgmcu.o
LOAD obj\release\spl\src\stm32f10x_dma.o
LOAD obj\release\spl\src\stm32f10x_exti.o
LOAD obj\release\spl\src\stm32f10x_flash.o
LOAD obj\release\spl\src\stm32f10x_fsmc.o
LOAD obj\release\spl\src\stm32f10x_gpio.o
LOAD obj\release\spl\src\stm32f10x_i2c.o
LOAD obj\release\spl\src\stm32f10x_iwdg.o
LOAD obj\release\spl\src\stm32f10x_pwr.o
LOAD obj\release\spl\src\stm32f10x_rcc.o
LOAD obj\release\spl\src\stm32f10x_rtc.o
LOAD obj\release\spl\src\stm32f10x_sdio.o
LOAD obj\release\spl\src\stm32f10x_spi.o
LOAD obj\release\spl\src\stm32f10x_tim.o
LOAD obj\release\spl\src\stm32f10x_usart.o
LOAD obj\release\spl\src\stm32f10x_wwdg.o
LOAD obj\release\src\main.o
LOAD obj\release\src\procto.o
LOAD obj\release\src\pwm_output.o
LOAD obj\release\src\startup_stm32f10x_md.o
LOAD obj\release\src\system_stm32f10x.o
START GROUP
LOAD e:/program files (x86)/embitz/1.11/share/em_armgcc/bin/../lib/gcc/arm-none-eabi/5.4.1/armv7-m\libgcc.a
LOAD e:/program files (x86)/embitz/1.11/share/em_armgcc/bin/../lib/gcc/arm-none-eabi/5.4.1/../../../../arm-none-eabi/lib/armv7-m\libg_n.a
LOAD e:/program files (x86)/embitz/1.11/share/em_armgcc/bin/../lib/gcc/arm-none-eabi/5.4.1/../../../../arm-none-eabi/lib/armv7-m\libc_n.a
END GROUP
START GROUP
LOAD e:/program files (x86)/embitz/1.11/share/em_armgcc/bin/../lib/gcc/arm-none-eabi/5.4.1/armv7-m\libgcc.a
LOAD e:/program files (x86)/embitz/1.11/share/em_armgcc/bin/../lib/gcc/arm-none-eabi/5.4.1/../../../../arm-none-eabi/lib/armv7-m\libc_n.a
LOAD e:/program files (x86)/embitz/1.11/share/em_armgcc/bin/../lib/gcc/arm-none-eabi/5.4.1/../../../../arm-none-eabi/lib/armv7-m\libnosys_s.a
END GROUP
LOAD e:/program files (x86)/embitz/1.11/share/em_armgcc/bin/../lib/gcc/arm-none-eabi/5.4.1/armv7-m/crtend.o
LOAD e:/program files (x86)/embitz/1.11/share/em_armgcc/bin/../lib/gcc/arm-none-eabi/5.4.1/armv7-m/crtn.o
OUTPUT(bin\Release\stm32_freertos_gcc.elf elf32-littlearm)

.ARM.attributes
                0x00000000       0x29
 .ARM.attributes
                0x00000000       0x1d e:/program files (x86)/embitz/1.11/share/em_armgcc/bin/../lib/gcc/arm-none-eabi/5.4.1/armv7-m/crti.o
 .ARM.attributes
                0x0000001d       0x2d e:/program files (x86)/embitz/1.11/share/em_armgcc/bin/../lib/gcc/arm-none-eabi/5.4.1/armv7-m/crtbegin.o
 .ARM.attributes
                0x0000004a       0x1b e:/program files (x86)/embitz/1.11/share/em_armgcc/bin/../lib/gcc/arm-none-eabi/5.4.1/../../../../arm-none-eabi/lib/armv7-m/crt0.o
 .ARM.attributes
                0x00000065       0x33 obj\release\freertos_core\list.o
 .ARM.attributes
                0x00000098       0x33 obj\release\freertos_core\portable\arm_cm3\port.o
 .ARM.attributes
                0x000000cb       0x33 obj\release\freertos_core\portable\memmang\heap_4.o
 .ARM.attributes
                0x000000fe       0x33 obj\release\freertos_core\queue.o
 .ARM.attributes
                0x00000131       0x33 obj\release\freertos_core\tasks.o
 .ARM.attributes
                0x00000164       0x33 obj\release\spl\src\misc.o
 .ARM.attributes
                0x00000197       0x33 obj\release\spl\src\stm32f10x_gpio.o
 .ARM.attributes
                0x000001ca       0x33 obj\release\spl\src\stm32f10x_rcc.o
 .ARM.attributes
                0x000001fd       0x33 obj\release\spl\src\stm32f10x_tim.o
 .ARM.attributes
                0x00000230       0x33 obj\release\spl\src\stm32f10x_usart.o
 .ARM.attributes
                0x00000263       0x33 obj\release\src\main.o
 .ARM.attributes
                0x00000296       0x33 obj\release\src\procto.o
 .ARM.attributes
                0x000002c9       0x33 obj\release\src\pwm_output.o
 .ARM.attributes
                0x000002fc       0x1b obj\release\src\startup_stm32f10x_md.o
 .ARM.attributes
                0x00000317       0x33 obj\release\src\system_stm32f10x.o
 .ARM.attributes
                0x0000034a       0x2d e:/program files (x86)/embitz/1.11/share/em_armgcc/bin/../lib/gcc/arm-none-eabi/5.4.1/../../../../arm-none-eabi/lib/armv7-m\libg_n.a(lib_a-exit.o)
 .ARM.attributes
                0x00000377       0x2d e:/program files (x86)/embitz/1.11/share/em_armgcc/bin/../lib/gcc/arm-none-eabi/5.4.1/../../../../arm-none-eabi/lib/armv7-m\libg_n.a(lib_a-impure.o)
 .ARM.attributes
                0x000003a4       0x2d e:/program files (x86)/embitz/1.11/share/em_armgcc/bin/../lib/gcc/arm-none-eabi/5.4.1/../../../../arm-none-eabi/lib/armv7-m\libg_n.a(lib_a-init.o)
 .ARM.attributes
                0x000003d1       0x2d e:/program files (x86)/embitz/1.11/share/em_armgcc/bin/../lib/gcc/arm-none-eabi/5.4.1/../../../../arm-none-eabi/lib/armv7-m\libg_n.a(lib_a-memcpy-stub.o)
 .ARM.attributes
                0x000003fe       0x2d e:/program files (x86)/embitz/1.11/share/em_armgcc/bin/../lib/gcc/arm-none-eabi/5.4.1/../../../../arm-none-eabi/lib/armv7-m\libg_n.a(lib_a-memset.o)
 .ARM.attributes
                0x0000042b       0x2d e:/program files (x86)/embitz/1.11/share/em_armgcc/bin/../lib/gcc/arm-none-eabi/5.4.1/../../../../arm-none-eabi/lib/armv7-m\libnosys_s.a(_exit.o)
 .ARM.attributes
                0x00000458       0x2d e:/program files (x86)/embitz/1.11/share/em_armgcc/bin/../lib/gcc/arm-none-eabi/5.4.1/armv7-m/crtend.o
 .ARM.attributes
                0x00000485       0x1d e:/program files (x86)/embitz/1.11/share/em_armgcc/bin/../lib/gcc/arm-none-eabi/5.4.1/armv7-m/crtn.o

.comment        0x00000000       0x6e
 .comment       0x00000000       0x6e obj\release\freertos_core\list.o
                                 0x6f (size before relaxing)
 .comment       0x0000006e       0x6f obj\release\freertos_core\portable\arm_cm3\port.o
 .comment       0x0000006e       0x6f obj\release\freertos_core\portable\memmang\heap_4.o
 .comment       0x0000006e       0x6f obj\release\freertos_core\queue.o
 .comment       0x0000006e       0x6f obj\release\freertos_core\tasks.o
 .comment       0x0000006e       0x6f obj\release\spl\src\misc.o
 .comment       0x0000006e       0x6f obj\release\spl\src\stm32f10x_gpio.o
 .comment       0x0000006e       0x6f obj\release\spl\src\stm32f10x_rcc.o
 .comment       0x0000006e       0x6f obj\release\spl\src\stm32f10x_tim.o
 .comment       0x0000006e       0x6f obj\release\spl\src\stm32f10x_usart.o
 .comment       0x0000006e       0x6f obj\release\src\main.o
 .comment       0x0000006e       0x6f obj\release\src\procto.o
 .comment       0x0000006e       0x6f obj\release\src\pwm_output.o
 .comment       0x0000006e       0x6f obj\release\src\system_stm32f10x.o

.debug_info     0x00000000     0xae63
 .debug_info    0x00000000      0x2a6 obj\release\freertos_core\list.o
 .debug_info    0x000002a6      0x4fa obj\release\freertos_core\portable\arm_cm3\port.o
 .debug_info    0x000007a0      0x48f obj\release\freertos_core\portable\memmang\heap_4.o
 .debug_info    0x00000c2f     0x19f0 obj\release\freertos_core\queue.o
 .debug_info    0x0000261f     0x2247 obj\release\freertos_core\tasks.o
 .debug_info    0x00004866      0x560 obj\release\spl\src\misc.o
 .debug_info    0x00004dc6      0x891 obj\release\spl\src\stm32f10x_gpio.o
 .debug_info    0x00005657      0x946 obj\release\spl\src\stm32f10x_rcc.o
 .debug_info    0x00005f9d     0x234c obj\release\spl\src\stm32f10x_tim.o
 .debug_info    0x000082e9      0xb2a obj\release\spl\src\stm32f10x_usart.o
 .debug_info    0x00008e13     0x1206 obj\release\src\main.o
 .debug_info    0x0000a019      0x185 obj\release\src\procto.o
 .debug_info    0x0000a19e      0x77b obj\release\src\pwm_output.o
 .debug_info    0x0000a919       0x82 obj\release\src\startup_stm32f10x_md.o
 .debug_info    0x0000a99b      0x4c8 obj\release\src\system_stm32f10x.o

.debug_abbrev   0x00000000     0x1ce1
 .debug_abbrev  0x00000000       0xe3 obj\release\freertos_core\list.o
 .debug_abbrev  0x000000e3      0x227 obj\release\freertos_core\portable\arm_cm3\port.o
 .debug_abbrev  0x0000030a      0x230 obj\release\freertos_core\portable\memmang\heap_4.o
 .debug_abbrev  0x0000053a      0x2df obj\release\freertos_core\queue.o
 .debug_abbrev  0x00000819      0x39f obj\release\freertos_core\tasks.o
 .debug_abbrev  0x00000bb8      0x158 obj\release\spl\src\misc.o
 .debug_abbrev  0x00000d10      0x202 obj\release\spl\src\stm32f10x_gpio.o
 .debug_abbrev  0x00000f12      0x270 obj\release\spl\src\stm32f10x_rcc.o
 .debug_abbrev  0x00001182      0x2c4 obj\release\spl\src\stm32f10x_tim.o
 .debug_abbrev  0x00001446      0x1e6 obj\release\spl\src\stm32f10x_usart.o
 .debug_abbrev  0x0000162c      0x2e0 obj\release\src\main.o
 .debug_abbrev  0x0000190c       0xd6 obj\release\src\procto.o
 .debug_abbrev  0x000019e2      0x17b obj\release\src\pwm_output.o
 .debug_abbrev  0x00001b5d       0x14 obj\release\src\startup_stm32f10x_md.o
 .debug_abbrev  0x00001b71      0x170 obj\release\src\system_stm32f10x.o

.debug_loc      0x00000000     0x66ea
 .debug_loc     0x00000000       0x70 obj\release\freertos_core\list.o
 .debug_loc     0x00000070       0xb4 obj\release\freertos_core\portable\arm_cm3\port.o
 .debug_loc     0x00000124      0x39a obj\release\freertos_core\portable\memmang\heap_4.o
 .debug_loc     0x000004be     0x12d8 obj\release\freertos_core\queue.o
 .debug_loc     0x00001796     0x16d2 obj\release\freertos_core\tasks.o
 .debug_loc     0x00002e68      0x193 obj\release\spl\src\misc.o
 .debug_loc     0x00002ffb      0x569 obj\release\spl\src\stm32f10x_gpio.o
 .debug_loc     0x00003564      0x726 obj\release\spl\src\stm32f10x_rcc.o
 .debug_loc     0x00003c8a     0x1d7f obj\release\spl\src\stm32f10x_tim.o
 .debug_loc     0x00005a09      0x86d obj\release\spl\src\stm32f10x_usart.o
 .debug_loc     0x00006276      0x1f6 obj\release\src\main.o
 .debug_loc     0x0000646c      0x148 obj\release\src\procto.o
 .debug_loc     0x000065b4       0x7a obj\release\src\pwm_output.o
 .debug_loc     0x0000662e       0xbc obj\release\src\system_stm32f10x.o

.debug_aranges  0x00000000      0x9e0
 .debug_aranges
                0x00000000       0x40 obj\release\freertos_core\list.o
 .debug_aranges
                0x00000040       0x78 obj\release\freertos_core\portable\arm_cm3\port.o
 .debug_aranges
                0x000000b8       0x48 obj\release\freertos_core\portable\memmang\heap_4.o
 .debug_aranges
                0x00000100       0xb0 obj\release\freertos_core\queue.o
 .debug_aranges
                0x000001b0      0x150 obj\release\freertos_core\tasks.o
 .debug_aranges
                0x00000300       0x40 obj\release\spl\src\misc.o
 .debug_aranges
                0x00000340       0xa8 obj\release\spl\src\stm32f10x_gpio.o
 .debug_aranges
                0x000003e8      0x118 obj\release\spl\src\stm32f10x_rcc.o
 .debug_aranges
                0x00000500      0x2d0 obj\release\spl\src\stm32f10x_tim.o
 .debug_aranges
                0x000007d0      0x100 obj\release\spl\src\stm32f10x_usart.o
 .debug_aranges
                0x000008d0       0x78 obj\release\src\main.o
 .debug_aranges
                0x00000948       0x20 obj\release\src\procto.o
 .debug_aranges
                0x00000968       0x30 obj\release\src\pwm_output.o
 .debug_aranges
                0x00000998       0x20 obj\release\src\startup_stm32f10x_md.o
 .debug_aranges
                0x000009b8       0x28 obj\release\src\system_stm32f10x.o

.debug_ranges   0x00000000      0xe38
 .debug_ranges  0x00000000       0x30 obj\release\freertos_core\list.o
 .debug_ranges  0x00000030       0x88 obj\release\freertos_core\portable\arm_cm3\port.o
 .debug_ranges  0x000000b8       0x38 obj\release\freertos_core\portable\memmang\heap_4.o
 .debug_ranges  0x000000f0      0x210 obj\release\freertos_core\queue.o
 .debug_ranges  0x00000300      0x390 obj\release\freertos_core\tasks.o
 .debug_ranges  0x00000690       0x30 obj\release\spl\src\misc.o
 .debug_ranges  0x000006c0       0x98 obj\release\spl\src\stm32f10x_gpio.o
 .debug_ranges  0x00000758      0x128 obj\release\spl\src\stm32f10x_rcc.o
 .debug_ranges  0x00000880      0x3d8 obj\release\spl\src\stm32f10x_tim.o
 .debug_ranges  0x00000c58       0xf0 obj\release\spl\src\stm32f10x_usart.o
 .debug_ranges  0x00000d48       0x80 obj\release\src\main.o
 .debug_ranges  0x00000dc8       0x10 obj\release\src\procto.o
 .debug_ranges  0x00000dd8       0x20 obj\release\src\pwm_output.o
 .debug_ranges  0x00000df8       0x40 obj\release\src\system_stm32f10x.o

.debug_line     0x00000000     0x3be8
 .debug_line    0x00000000      0x1ce obj\release\freertos_core\list.o
 .debug_line    0x000001ce      0x307 obj\release\freertos_core\portable\arm_cm3\port.o
 .debug_line    0x000004d5      0x2ea obj\release\freertos_core\portable\memmang\heap_4.o
 .debug_line    0x000007bf      0x70d obj\release\freertos_core\queue.o
 .debug_line    0x00000ecc      0xaf3 obj\release\freertos_core\tasks.o
 .debug_line    0x000019bf      0x1ae obj\release\spl\src\misc.o
 .debug_line    0x00001b6d      0x357 obj\release\spl\src\stm32f10x_gpio.o
 .debug_line    0x00001ec4      0x42f obj\release\spl\src\stm32f10x_rcc.o
 .debug_line    0x000022f3      0xbe1 obj\release\spl\src\stm32f10x_tim.o
 .debug_line    0x00002ed4      0x41b obj\release\spl\src\stm32f10x_usart.o
 .debug_line    0x000032ef      0x38e obj\release\src\main.o
 .debug_line    0x0000367d      0x135 obj\release\src\procto.o
 .debug_line    0x000037b2      0x1dd obj\release\src\pwm_output.o
 .debug_line    0x0000398f       0xa8 obj\release\src\startup_stm32f10x_md.o
 .debug_line    0x00003a37      0x1b1 obj\release\src\system_stm32f10x.o

.debug_str      0x00000000     0x32b5
 .debug_str     0x00000000      0x2ab obj\release\freertos_core\list.o
                                0x2f8 (size before relaxing)
 .debug_str     0x000002ab      0x282 obj\release\freertos_core\portable\arm_cm3\port.o
                                0x450 (size before relaxing)
 .debug_str     0x0000052d      0x201 obj\release\freertos_core\portable\memmang\heap_4.o
                                0x3e1 (size before relaxing)
 .debug_str     0x0000072e      0x463 obj\release\freertos_core\queue.o
                                0x7d4 (size before relaxing)
 .debug_str     0x00000b91      0x84f obj\release\freertos_core\tasks.o
                                0xda8 (size before relaxing)
 .debug_str     0x000013e0      0x266 obj\release\spl\src\misc.o
                                0x413 (size before relaxing)
 .debug_str     0x00001646      0x37b obj\release\spl\src\stm32f10x_gpio.o
                                0x585 (size before relaxing)
 .debug_str     0x000019c1      0x412 obj\release\spl\src\stm32f10x_rcc.o
                                0x66f (size before relaxing)
 .debug_str     0x00001dd3      0xb69 obj\release\spl\src\stm32f10x_tim.o
                                0xe45 (size before relaxing)
 .debug_str     0x0000293c      0x406 obj\release\spl\src\stm32f10x_usart.o
                                0x725 (size before relaxing)
 .debug_str     0x00002d42      0x46b obj\release\src\main.o
                                0xbd4 (size before relaxing)
 .debug_str     0x000031ad       0x3c obj\release\src\procto.o
                                0x214 (size before relaxing)
 .debug_str     0x000031e9       0x54 obj\release\src\pwm_output.o
                                0x639 (size before relaxing)
 .debug_str     0x0000323d       0x78 obj\release\src\system_stm32f10x.o
                                0x341 (size before relaxing)

.debug_frame    0x00000000     0x1a5c
 .debug_frame   0x00000000       0x70 obj\release\freertos_core\list.o
 .debug_frame   0x00000070      0x108 obj\release\freertos_core\portable\arm_cm3\port.o
 .debug_frame   0x00000178       0x98 obj\release\freertos_core\portable\memmang\heap_4.o
 .debug_frame   0x00000210      0x278 obj\release\freertos_core\queue.o
 .debug_frame   0x00000488      0x4bc obj\release\freertos_core\tasks.o
 .debug_frame   0x00000944       0x6c obj\release\spl\src\misc.o
 .debug_frame   0x000009b0      0x1b0 obj\release\spl\src\stm32f10x_gpio.o
 .debug_frame   0x00000b60      0x228 obj\release\spl\src\stm32f10x_rcc.o
 .debug_frame   0x00000d88      0x754 obj\release\spl\src\stm32f10x_tim.o
 .debug_frame   0x000014dc      0x258 obj\release\spl\src\stm32f10x_usart.o
 .debug_frame   0x00001734      0x178 obj\release\src\main.o
 .debug_frame   0x000018ac       0x34 obj\release\src\procto.o
 .debug_frame   0x000018e0       0x78 obj\release\src\pwm_output.o
 .debug_frame   0x00001958       0x48 obj\release\src\system_stm32f10x.o
 .debug_frame   0x000019a0       0x28 e:/program files (x86)/embitz/1.11/share/em_armgcc/bin/../lib/gcc/arm-none-eabi/5.4.1/../../../../arm-none-eabi/lib/armv7-m\libg_n.a(lib_a-exit.o)
 .debug_frame   0x000019c8       0x2c e:/program files (x86)/embitz/1.11/share/em_armgcc/bin/../lib/gcc/arm-none-eabi/5.4.1/../../../../arm-none-eabi/lib/armv7-m\libg_n.a(lib_a-init.o)
 .debug_frame   0x000019f4       0x28 e:/program files (x86)/embitz/1.11/share/em_armgcc/bin/../lib/gcc/arm-none-eabi/5.4.1/../../../../arm-none-eabi/lib/armv7-m\libg_n.a(lib_a-memcpy-stub.o)
 .debug_frame   0x00001a1c       0x20 e:/program files (x86)/embitz/1.11/share/em_armgcc/bin/../lib/gcc/arm-none-eabi/5.4.1/../../../../arm-none-eabi/lib/armv7-m\libg_n.a(lib_a-memset.o)
 .debug_frame   0x00001a3c       0x20 e:/program files (x86)/embitz/1.11/share/em_armgcc/bin/../lib/gcc/arm-none-eabi/5.4.1/../../../../arm-none-eabi/lib/armv7-m\libnosys_s.a(_exit.o)
